
Merging program properties


As-needed library included to satisfy reference by file (symbol)

libstdc++.so.6                build/main.o (std::logic_error::logic_error(std::__cxx11::basic_string<char, std::char_traits<char>, std::allocator<char> > const&)@@GLIBCXX_3.4.21)
libgcc_s.so.1                 build/main.o (_Unwind_Resume@@GCC_3.0)
libc.so.6                     build/main.o (sleep@@GLIBC_2.2.5)

Discarded input sections

 .note.GNU-stack
                0x0000000000000000        0x0 /usr/lib/gcc/x86_64-linux-gnu/13/../../../x86_64-linux-gnu/Scrt1.o
 .note.gnu.property
                0x0000000000000000       0x20 /usr/lib/gcc/x86_64-linux-gnu/13/../../../x86_64-linux-gnu/crti.o
 .note.GNU-stack
                0x0000000000000000        0x0 /usr/lib/gcc/x86_64-linux-gnu/13/../../../x86_64-linux-gnu/crti.o
 .note.GNU-stack
                0x0000000000000000        0x0 /usr/lib/gcc/x86_64-linux-gnu/13/crtbeginS.o
 .note.gnu.property
                0x0000000000000000       0x20 /usr/lib/gcc/x86_64-linux-gnu/13/crtbeginS.o
 .group         0x0000000000000000        0x8 build/main.o
 .group         0x0000000000000000       0x14 build/main.o
 .group         0x0000000000000000       0x14 build/main.o
 .group         0x0000000000000000        0x8 build/main.o
 .group         0x0000000000000000        0x8 build/main.o
 .group         0x0000000000000000        0x8 build/main.o
 .group         0x0000000000000000        0xc build/main.o
 .group         0x0000000000000000        0x8 build/main.o
 .group         0x0000000000000000        0x8 build/main.o
 .group         0x0000000000000000        0xc build/main.o
 .group         0x0000000000000000        0x8 build/main.o
 .group         0x0000000000000000        0xc build/main.o
 .group         0x0000000000000000        0xc build/main.o
 .group         0x0000000000000000        0x8 build/main.o
 .group         0x0000000000000000        0xc build/main.o
 .group         0x0000000000000000        0x8 build/main.o
 .group         0x0000000000000000        0xc build/main.o
 .group         0x0000000000000000        0x8 build/main.o
 .group         0x0000000000000000        0x8 build/main.o
 .group         0x0000000000000000        0xc build/main.o
 .group         0x0000000000000000        0x8 build/main.o
 .group         0x0000000000000000        0xc build/main.o
 .group         0x0000000000000000        0x8 build/main.o
 .group         0x0000000000000000        0xc build/main.o
 .group         0x0000000000000000        0xc build/main.o
 .group         0x0000000000000000        0x8 build/main.o
 .group         0x0000000000000000        0x8 build/main.o
 .group         0x0000000000000000        0x8 build/main.o
 .group         0x0000000000000000        0xc build/main.o
 .group         0x0000000000000000        0x8 build/main.o
 .group         0x0000000000000000        0x8 build/main.o
 .group         0x0000000000000000        0x8 build/main.o
 .group         0x0000000000000000        0xc build/main.o
 .group         0x0000000000000000        0xc build/main.o
 .group         0x0000000000000000        0xc build/main.o
 .group         0x0000000000000000        0x8 build/main.o
 .group         0x0000000000000000        0x8 build/main.o
 .group         0x0000000000000000        0xc build/main.o
 .group         0x0000000000000000        0x8 build/main.o
 .group         0x0000000000000000        0xc build/main.o
 .group         0x0000000000000000        0x8 build/main.o
 .group         0x0000000000000000        0x8 build/main.o
 .group         0x0000000000000000        0x8 build/main.o
 .group         0x0000000000000000        0xc build/main.o
 .group         0x0000000000000000        0xc build/main.o
 .group         0x0000000000000000        0xc build/main.o
 .group         0x0000000000000000        0xc build/main.o
 .group         0x0000000000000000        0x8 build/main.o
 .group         0x0000000000000000        0xc build/main.o
 .group         0x0000000000000000        0xc build/main.o
 .group         0x0000000000000000        0xc build/main.o
 .group         0x0000000000000000       0x10 build/main.o
 .group         0x0000000000000000        0x8 build/main.o
 .group         0x0000000000000000        0x8 build/main.o
 .group         0x0000000000000000        0x8 build/main.o
 .group         0x0000000000000000        0xc build/main.o
 .group         0x0000000000000000        0xc build/main.o
 .group         0x0000000000000000        0xc build/main.o
 .group         0x0000000000000000        0xc build/main.o
 .group         0x0000000000000000        0xc build/main.o
 .group         0x0000000000000000        0xc build/main.o
 .group         0x0000000000000000        0xc build/main.o
 .group         0x0000000000000000        0xc build/main.o
 .group         0x0000000000000000       0x10 build/main.o
 .group         0x0000000000000000        0xc build/main.o
 .group         0x0000000000000000        0xc build/main.o
 .group         0x0000000000000000        0xc build/main.o
[...]
Memory Configuration

Name             Origin             Length             Attributes
*default*        0x0000000000000000 0xffffffffffffffff

Linker script and memory map

LOAD /usr/lib/gcc/x86_64-linux-gnu/13/../../../x86_64-linux-gnu/Scrt1.o
LOAD /usr/lib/gcc/x86_64-linux-gnu/13/../../../x86_64-linux-gnu/crti.o
LOAD /usr/lib/gcc/x86_64-linux-gnu/13/crtbeginS.o
LOAD build/main.o
LOAD /usr/lib/gcc/x86_64-linux-gnu/13/../../../x86_64-linux-gnu/libpthread.a
LOAD /usr/lib/gcc/x86_64-linux-gnu/13/libstdc++.so
LOAD /usr/lib/gcc/x86_64-linux-gnu/13/../../../x86_64-linux-gnu/libm.so
START GROUP
LOAD /lib/x86_64-linux-gnu/libm.so.6
LOAD /lib/x86_64-linux-gnu/libmvec.so.1
END GROUP
LOAD /usr/lib/gcc/x86_64-linux-gnu/13/libgcc_s.so
START GROUP
LOAD /usr/lib/gcc/x86_64-linux-gnu/13/../../../x86_64-linux-gnu/libgcc_s.so.1
LOAD /usr/lib/gcc/x86_64-linux-gnu/13/libgcc.a
END GROUP
LOAD /usr/lib/gcc/x86_64-linux-gnu/13/libgcc.a
LOAD /usr/lib/gcc/x86_64-linux-gnu/13/../../../x86_64-linux-gnu/libc.so
START GROUP
LOAD /lib/x86_64-linux-gnu/libc.so.6
LOAD /usr/lib/x86_64-linux-gnu/libc_nonshared.a
LOAD /lib64/ld-linux-x86-64.so.2
END GROUP
LOAD /usr/lib/gcc/x86_64-linux-gnu/13/libgcc_s.so
START GROUP
LOAD /usr/lib/gcc/x86_64-linux-gnu/13/../../../x86_64-linux-gnu/libgcc_s.so.1
LOAD /usr/lib/gcc/x86_64-linux-gnu/13/libgcc.a
END GROUP
LOAD /usr/lib/gcc/x86_64-linux-gnu/13/libgcc.a
LOAD /usr/lib/gcc/x86_64-linux-gnu/13/crtendS.o
LOAD /usr/lib/gcc/x86_64-linux-gnu/13/../../../x86_64-linux-gnu/crtn.o
                [!provide]                        PROVIDE (__executable_start = SEGMENT_START ("text-segment", 0x0))
                0x0000000000000318                . = (SEGMENT_START ("text-segment", 0x0) + SIZEOF_HEADERS)

.interp         0x0000000000000318       0x1c
 *(.interp)
 .interp        0x0000000000000318       0x1c /usr/lib/gcc/x86_64-linux-gnu/13/../../../x86_64-linux-gnu/Scrt1.o

.note.gnu.property
                0x0000000000000338       0x30
 .note.gnu.property
                0x0000000000000338       0x30 /usr/lib/gcc/x86_64-linux-gnu/13/../../../x86_64-linux-gnu/Scrt1.o

.note.gnu.build-id
                0x0000000000000368       0x24
 *(.note.gnu.build-id)
 .note.gnu.build-id
                0x0000000000000368       0x24 /usr/lib/gcc/x86_64-linux-gnu/13/../../../x86_64-linux-gnu/Scrt1.o

.note.ABI-tag   0x000000000000038c       0x20
 .note.ABI-tag  0x000000000000038c       0x20 /usr/lib/gcc/x86_64-linux-gnu/13/../../../x86_64-linux-gnu/Scrt1.o

.hash
 *(.hash)

.gnu.hash       0x00000000000003b0       0x68
 *(.gnu.hash)
 .gnu.hash      0x00000000000003b0       0x68 /usr/lib/gcc/x86_64-linux-gnu/13/../../../x86_64-linux-gnu/Scrt1.o

.dynsym         0x0000000000000418      0x9d8
 *(.dynsym)
 .dynsym        0x0000000000000418      0x9d8 /usr/lib/gcc/x86_64-linux-gnu/13/../../../x86_64-linux-gnu/Scrt1.o

.dynstr         0x0000000000000df0     0x107f
 *(.dynstr)
 .dynstr        0x0000000000000df0     0x107f /usr/lib/gcc/x86_64-linux-gnu/13/../../../x86_64-linux-gnu/Scrt1.o

.gnu.version    0x0000000000001e70       0xd2
 *(.gnu.version)
 .gnu.version   0x0000000000001e70       0xd2 /usr/lib/gcc/x86_64-linux-gnu/13/../../../x86_64-linux-gnu/Scrt1.o

.gnu.version_d  0x0000000000001f48        0x0
 *(.gnu.version_d)
 .gnu.version_d
                0x0000000000001f48        0x0 /usr/lib/gcc/x86_64-linux-gnu/13/../../../x86_64-linux-gnu/Scrt1.o

.gnu.version_r  0x0000000000001f48      0x180
 *(.gnu.version_r)
 .gnu.version_r
                0x0000000000001f48      0x180 /usr/lib/gcc/x86_64-linux-gnu/13/../../../x86_64-linux-gnu/Scrt1.o

.rela.dyn       0x00000000000020c8     0x1548
 *(.rela.init)
 *(.rela.text .rela.text.* .rela.gnu.linkonce.t.*)
 .rela.text     0x00000000000020c8        0x0 /usr/lib/gcc/x86_64-linux-gnu/13/../../../x86_64-linux-gnu/Scrt1.o
 .rela.text._ZNSt16_Sp_counted_baseILN9__gnu_cxx12_Lock_policyE2EE10_M_releaseEv
                0x00000000000020c8        0x0 /usr/lib/gcc/x86_64-linux-gnu/13/../../../x86_64-linux-gnu/Scrt1.o
 .rela.text._ZNSt12future_errorC2ESt10error_code
                0x00000000000020c8        0x0 /usr/lib/gcc/x86_64-linux-gnu/13/../../../x86_64-linux-gnu/Scrt1.o
 .rela.text._ZNSt13__future_base13_State_baseV2C2Ev
                0x00000000000020c8        0x0 /usr/lib/gcc/x86_64-linux-gnu/13/../../../x86_64-linux-gnu/Scrt1.o
 .rela.text._ZNSt13__future_base13_State_baseV213_M_set_resultESt8functionIFSt10unique_ptrINS_12_Result_baseENS3_8_DeleterEEvEEb
                0x00000000000020c8        0x0 /usr/lib/gcc/x86_64-linux-gnu/13/../../../x86_64-linux-gnu/Scrt1.o
 .rela.text._ZNSt13__future_base13_State_baseV221_M_set_delayed_resultESt8functionIFSt10unique_ptrINS_12_Result_baseENS3_8_DeleterEEvEESt8weak_ptrIS0_E
                0x00000000000020c8        0x0 /usr/lib/gcc/x86_64-linux-gnu/13/../../../x86_64-linux-gnu/Scrt1.o
 .rela.text._ZNSt13__future_base7_ResultIvED2Ev
                0x00000000000020c8        0x0 /usr/lib/gcc/x86_64-linux-gnu/13/../../../x86_64-linux-gnu/Scrt1.o
 .rela.text._ZNSt13__future_base7_ResultIvEC2Ev
                0x00000000000020c8        0x0 /usr/lib/gcc/x86_64-linux-gnu/13/../../../x86_64-linux-gnu/Scrt1.o
 .rela.text._ZN5Print5printEi
                0x00000000000020c8        0x0 /usr/lib/gcc/x86_64-linux-gnu/13/../../../x86_64-linux-gnu/Scrt1.o
 .rela.text._ZNSt12future_errorC2ERKS_
                0x00000000000020c8        0x0 /usr/lib/gcc/x86_64-linux-gnu/13/../../../x86_64-linux-gnu/Scrt1.o
 .rela.text._ZSt18make_exception_ptrISt12future_errorENSt15__exception_ptr13exception_ptrET_
                0x00000000000020c8        0x0 /usr/lib/gcc/x86_64-linux-gnu/13/../../../x86_64-linux-gnu/Scrt1.o
 .rela.text._ZNSt6threadC2IRFvRSt7promiseIRKNSt7__cxx1112basic_stringIcSt11char_traitsIcESaIcEEEES9_EJSt17reference_wrapperISA_ESE_IS7_EEvEEOT_DpOT0_
                0x00000000000020c8        0x0 /usr/lib/gcc/x86_64-linux-gnu/13/../../../x86_64-linux-gnu/Scrt1.o
 .rela.text._ZNSt8functionIFbRKNSt7__cxx1112basic_stringIcSt11char_traitsIcESaIcEEEEEC2IRS8_vEEOT_
                0x00000000000020c8        0x0 /usr/lib/gcc/x86_64-linux-gnu/13/../../../x86_64-linux-gnu/Scrt1.o
 .rela.text._ZNSt6threadC2ISt13packaged_taskIFbRKNSt7__cxx1112basic_stringIcSt11char_traitsIcESaIcEEEEEJPcEvEEOT_DpOT0_
                0x00000000000020c8        0x0 /usr/lib/gcc/x86_64-linux-gnu/13/../../../x86_64-linux-gnu/Scrt1.o
 .rela.text._ZNSt16_Sp_counted_baseILN9__gnu_cxx12_Lock_policyE2EED2Ev
                0x00000000000020c8        0x0 /usr/lib/gcc/x86_64-linux-gnu/13/../../../x86_64-linux-gnu/Scrt1.o
 .rela.text._ZNSt16_Sp_counted_baseILN9__gnu_cxx12_Lock_policyE2EE19_M_release_last_useEv
                0x00000000000020c8        0x0 /usr/lib/gcc/x86_64-linux-gnu/13/../../../x86_64-linux-gnu/Scrt1.o
 .rela.text._ZZNSt9once_flag18_Prepare_executionC4IZSt9call_onceIMNSt13__future_base13_State_baseV2EFvPSt8functionIFSt10unique_ptrINS3_12_Result_baseENS7_8_DeleterEEvEEPbEJPS4_SC_SD_EEvRS_OT_DpOT0_EUlvE_EERSI_ENKUlvE_cvPFvvEEv
                0x00000000000020c8        0x0 /usr/lib/gcc/x86_64-linux-gnu/13/../../../x86_64-linux-gnu/Scrt1.o
 .rela.text._ZNSt16_Sp_counted_baseILN9__gnu_cxx12_Lock_policyE2EE15_M_weak_releaseEv
                0x00000000000020c8        0x0 /usr/lib/gcc/x86_64-linux-gnu/13/../../../x86_64-linux-gnu/Scrt1.o
 .rela.text._ZZNSt9once_flag18_Prepare_executionC4IZSt9call_onceIMSt6threadFvvEJPS3_EEvRS_OT_DpOT0_EUlvE_EERS8_ENKUlvE_cvPFvvEEv
                0x00000000000020c8        0x0 /usr/lib/gcc/x86_64-linux-gnu/13/../../../x86_64-linux-gnu/Scrt1.o
 .rela.text._ZNSt8functionIFSt10unique_ptrINSt13__future_base12_Result_baseENS2_8_DeleterEEvEEC2INS1_13_State_baseV27_SetterIRKNSt7__cxx1112basic_stringIcSt11char_traitsIcESaIcEEESH_EEvEEOT_
                0x00000000000020c8        0x0 /usr/lib/gcc/x86_64-linux-gnu/13/../../../x86_64-linux-gnu/Scrt1.o
 .rela.text._ZNSt6thread6_StateC2Ev
                0x00000000000020c8        0x0 /usr/lib/gcc/x86_64-linux-gnu/13/../../../x86_64-linux-gnu/Scrt1.o
 .rela.text._ZNSt13__future_base7_ResultIRKNSt7__cxx1112basic_stringIcSt11char_traitsIcESaIcEEEEC2Ev
                0x00000000000020c8        0x0 /usr/lib/gcc/x86_64-linux-gnu/13/../../../x86_64-linux-gnu/Scrt1.o
 .rela.text._ZNSt6thread11_State_implINS_8_InvokerISt5tupleIJPFvRSt7promiseIRKNSt7__cxx1112basic_stringIcSt11char_traitsIcESaIcEEEESB_ESt17reference_wrapperISC_ESG_IS9_EEEEEEC2IJRSE_SH_SI_EEEDpOT_
                0x00000000000020c8        0x0 /usr/lib/gcc/x86_64-linux-gnu/13/../../../x86_64-linux-gnu/Scrt1.o
 .rela.text._ZNSt17_Function_handlerIFbRKNSt7__cxx1112basic_stringIcSt11char_traitsIcESaIcEEEEPS8_E10_M_managerERSt9_Any_dataRKSB_St18_Manager_operation
                0x00000000000020c8        0x0 /usr/lib/gcc/x86_64-linux-gnu/13/../../../x86_64-linux-gnu/Scrt1.o
 .rela.text._ZNSt6thread11_State_implINS_8_InvokerISt5tupleIJSt13packaged_taskIFbRKNSt7__cxx1112basic_stringIcSt11char_traitsIcESaIcEEEEEPcEEEEEC2IJSD_SE_EEEDpOT_
                0x00000000000020c8        0x0 /usr/lib/gcc/x86_64-linux-gnu/13/../../../x86_64-linux-gnu/Scrt1.o
 .rela.text._ZNSt16_Sp_counted_baseILN9__gnu_cxx12_Lock_policyE2EE15_M_add_ref_copyEv
                0x00000000000020c8        0x0 /usr/lib/gcc/x86_64-linux-gnu/13/../../../x86_64-linux-gnu/Scrt1.o
 .rela.text._ZNSt17_Function_handlerIFSt10unique_ptrINSt13__future_base12_Result_baseENS2_8_DeleterEEvENS1_13_State_baseV27_SetterIRKNSt7__cxx1112basic_stringIcSt11char_traitsIcESaIcEEESF_EEE10_M_managerERSt9_Any_dataRKSI_St18_Manager_operation
                0x00000000000020c8        0x0 /usr/lib/gcc/x86_64-linux-gnu/13/../../../x86_64-linux-gnu/Scrt1.o
 .rela.text._ZNSt14_Function_base13_Base_managerIPFbRKNSt7__cxx1112basic_stringIcSt11char_traitsIcESaIcEEEEE10_M_managerERSt9_Any_dataRKSC_St18_Manager_operation
                0x00000000000020c8        0x0 /usr/lib/gcc/x86_64-linux-gnu/13/../../../x86_64-linux-gnu/Scrt1.o
 .rela.text._ZNSt14_Function_base13_Base_managerINSt13__future_base13_State_baseV27_SetterIRKNSt7__cxx1112basic_stringIcSt11char_traitsIcESaIcEEESB_EEE10_M_managerERSt9_Any_dataRKSE_St18_Manager_operation
                0x00000000000020c8        0x0 /usr/lib/gcc/x86_64-linux-gnu/13/../../../x86_64-linux-gnu/Scrt1.o
 .rela.text._ZNSt23_Sp_counted_ptr_inplaceINSt13__future_base13_State_baseV2ESaIvELN9__gnu_cxx12_Lock_policyE2EEC2IJEEES2_DpOT_
                0x00000000000020c8        0x0 /usr/lib/gcc/x86_64-linux-gnu/13/../../../x86_64-linux-gnu/Scrt1.o
 .rela.text._ZNSt16_Sp_counted_baseILN9__gnu_cxx12_Lock_policyE2EEC2Ev
                0x00000000000020c8        0x0 /usr/lib/gcc/x86_64-linux-gnu/13/../../../x86_64-linux-gnu/Scrt1.o
 .rela.text._ZNSt23_Sp_counted_ptr_inplaceINSt13__future_base11_Task_stateISt8functionIFbRKNSt7__cxx1112basic_stringIcSt11char_traitsIcESaIcEEEEESaIiESB_EESD_LN9__gnu_cxx12_Lock_policyE2EEC2IJRSC_RKSD_EEESD_DpOT_
                0x00000000000020c8        0x0 /usr/lib/gcc/x86_64-linux-gnu/13/../../../x86_64-linux-gnu/Scrt1.o
 .rela.text._ZNSt13__future_base13_State_baseV2D2Ev
                0x00000000000020c8        0x0 /usr/lib/gcc/x86_64-linux-gnu/13/../../../x86_64-linux-gnu/Scrt1.o
 .rela.text._ZNSt13__future_base21_Async_state_commonV2C2Ev
                0x00000000000020c8        0x0 /usr/lib/gcc/x86_64-linux-gnu/13/../../../x86_64-linux-gnu/Scrt1.o
 .rela.text._ZNSt13__future_base21_Async_state_commonV2D2Ev
                0x00000000000020c8        0x0 /usr/lib/gcc/x86_64-linux-gnu/13/../../../x86_64-linux-gnu/Scrt1.o
 .rela.text._ZNSt13__future_base16_Task_state_baseIFbRKNSt7__cxx1112basic_stringIcSt11char_traitsIcESaIcEEEEED2Ev
                0x00000000000020c8        0x0 /usr/lib/gcc/x86_64-linux-gnu/13/../../../x86_64-linux-gnu/Scrt1.o
 .rela.text._ZNSt13__future_base11_Task_stateISt8functionIFbRKNSt7__cxx1112basic_stringIcSt11char_traitsIcESaIcEEEEESaIiESA_EC2IRSB_EEOT_RKSC_
                0x00000000000020c8        0x0 /usr/lib/gcc/x86_64-linux-gnu/13/../../../x86_64-linux-gnu/Scrt1.o
 .rela.text._ZNSt13__future_base16_Task_state_baseIFbRKNSt7__cxx1112basic_stringIcSt11char_traitsIcESaIcEEEEEC2ISaIiEEERKT_
                0x00000000000020c8        0x0 /usr/lib/gcc/x86_64-linux-gnu/13/../../../x86_64-linux-gnu/Scrt1.o
 .rela.text._ZNSt13__future_base7_ResultIbEC2Ev
                0x00000000000020c8        0x0 /usr/lib/gcc/x86_64-linux-gnu/13/../../../x86_64-linux-gnu/Scrt1.o
 .rela.text._ZNSt13__future_base11_Task_stateISt8functionIFbRKNSt7__cxx1112basic_stringIcSt11char_traitsIcESaIcEEEEESaIiESA_ED2Ev
                0x00000000000020c8        0x0 /usr/lib/gcc/x86_64-linux-gnu/13/../../../x86_64-linux-gnu/Scrt1.o
 .rela.text._ZNSt6thread11_State_implINS_8_InvokerISt5tupleIJSt13packaged_taskIFbRKNSt7__cxx1112basic_stringIcSt11char_traitsIcESaIcEEEEEPcEEEEED2Ev
                0x00000000000020c8        0x0 /usr/lib/gcc/x86_64-linux-gnu/13/../../../x86_64-linux-gnu/Scrt1.o
 .rela.text._ZNSt6thread11_State_implINS_8_InvokerISt5tupleIJPFvRSt7promiseIRKNSt7__cxx1112basic_stringIcSt11char_traitsIcESaIcEEEESB_ESt17reference_wrapperISC_ESG_IS9_EEEEEED2Ev
                0x00000000000020c8        0x0 /usr/lib/gcc/x86_64-linux-gnu/13/../../../x86_64-linux-gnu/Scrt1.o
 .rela.text._ZNSt13__future_base7_ResultIRKNSt7__cxx1112basic_stringIcSt11char_traitsIcESaIcEEEED2Ev
                0x00000000000020c8        0x0 /usr/lib/gcc/x86_64-linux-gnu/13/../../../x86_64-linux-gnu/Scrt1.o
 .rela.text._ZNSt23_Sp_counted_ptr_inplaceINSt13__future_base11_Task_stateISt8functionIFbRKNSt7__cxx1112basic_stringIcSt11char_traitsIcESaIcEEEEESaIiESB_EESD_LN9__gnu_cxx12_Lock_policyE2EED2Ev
                0x00000000000020c8        0x0 /usr/lib/gcc/x86_64-linux-gnu/13/../../../x86_64-linux-gnu/Scrt1.o
 .rela.text._ZNSt23_Sp_counted_ptr_inplaceINSt13__future_base11_Task_stateISt8functionIFbRKNSt7__cxx1112basic_stringIcSt11char_traitsIcESaIcEEEEESaIiESB_EESD_LN9__gnu_cxx12_Lock_policyE2EE14_M_get_deleterERKSt9type_info
                0x00000000000020c8        0x0 /usr/lib/gcc/x86_64-linux-gnu/13/../../../x86_64-linux-gnu/Scrt1.o
 .rela.text._ZNSt23_Sp_counted_ptr_inplaceINSt13__future_base13_State_baseV2ESaIvELN9__gnu_cxx12_Lock_policyE2EED2Ev
                0x00000000000020c8        0x0 /usr/lib/gcc/x86_64-linux-gnu/13/../../../x86_64-linux-gnu/Scrt1.o
 .rela.text._ZNSt23_Sp_counted_ptr_inplaceINSt13__future_base13_State_baseV2ESaIvELN9__gnu_cxx12_Lock_policyE2EE14_M_get_deleterERKSt9type_info
                0x00000000000020c8        0x0 /usr/lib/gcc/x86_64-linux-gnu/13/../../../x86_64-linux-gnu/Scrt1.o
 .rela.text._ZNSt13__future_base7_ResultIbED2Ev
                0x00000000000020c8        0x0 /usr/lib/gcc/x86_64-linux-gnu/13/../../../x86_64-linux-gnu/Scrt1.o
 .rela.text._ZNSt8functionIFSt10unique_ptrINSt13__future_base12_Result_baseENS2_8_DeleterEEvEEC2INS1_12_Task_setterIS0_INS1_7_ResultIbEES3_EZNS1_11_Task_stateIS_IFbRKNSt7__cxx1112basic_stringIcSt11char_traitsIcESaIcEEEEESaIiESL_E6_M_runESK_EUlvE_bEEvEEOT_
                0x00000000000020c8        0x0 /usr/lib/gcc/x86_64-linux-gnu/13/../../../x86_64-linux-gnu/Scrt1.o
 .rela.text._ZNSt8functionIFSt10unique_ptrINSt13__future_base12_Result_baseENS2_8_DeleterEEvEEC2INS1_12_Task_setterIS0_INS1_7_ResultIbEES3_EZNS1_11_Task_stateIS_IFbRKNSt7__cxx1112basic_stringIcSt11char_traitsIcESaIcEEEEESaIiESL_E14_M_run_delayedESK_St8weak_ptrINS1_13_State_baseV2EEEUlvE_bEEvEEOT_
                0x00000000000020c8        0x0 /usr/lib/gcc/x86_64-linux-gnu/13/../../../x86_64-linux-gnu/Scrt1.o
 .rela.text._ZNSt17_Function_handlerIFSt10unique_ptrINSt13__future_base12_Result_baseENS2_8_DeleterEEvENS1_12_Task_setterIS0_INS1_7_ResultIbEES3_EZNS1_11_Task_stateISt8functionIFbRKNSt7__cxx1112basic_stringIcSt11char_traitsIcESaIcEEEEESaIiESK_E6_M_runESJ_EUlvE_bEEE10_M_managerERSt9_Any_dataRKSR_St18_Manager_operation
                0x00000000000020c8        0x0 /usr/lib/gcc/x86_64-linux-gnu/13/../../../x86_64-linux-gnu/Scrt1.o
 .rela.text._ZNSt17_Function_handlerIFSt10unique_ptrINSt13__future_base12_Result_baseENS2_8_DeleterEEvENS1_12_Task_setterIS0_INS1_7_ResultIbEES3_EZNS1_11_Task_stateISt8functionIFbRKNSt7__cxx1112basic_stringIcSt11char_traitsIcESaIcEEEEESaIiESK_E14_M_run_delayedESJ_St8weak_ptrINS1_13_State_baseV2EEEUlvE_bEEE10_M_managerERSt9_Any_dataRKSU_St18_Manager_operation
                0x00000000000020c8        0x0 /usr/lib/gcc/x86_64-linux-gnu/13/../../../x86_64-linux-gnu/Scrt1.o
 .rela.text._ZNSt14_Function_base13_Base_managerINSt13__future_base12_Task_setterISt10unique_ptrINS1_7_ResultIbEENS1_12_Result_base8_DeleterEEZNS1_11_Task_stateISt8functionIFbRKNSt7__cxx1112basic_stringIcSt11char_traitsIcESaIcEEEEESaIiESJ_E6_M_runESI_EUlvE_bEEE10_M_managerERSt9_Any_dataRKSQ_St18_Manager_operation
                0x00000000000020c8        0x0 /usr/lib/gcc/x86_64-linux-gnu/13/../../../x86_64-linux-gnu/Scrt1.o
 .rela.text._ZNSt14_Function_base13_Base_managerINSt13__future_base12_Task_setterISt10unique_ptrINS1_7_ResultIbEENS1_12_Result_base8_DeleterEEZNS1_11_Task_stateISt8functionIFbRKNSt7__cxx1112basic_stringIcSt11char_traitsIcESaIcEEEEESaIiESJ_E14_M_run_delayedESI_St8weak_ptrINS1_13_State_baseV2EEEUlvE_bEEE10_M_managerERSt9_Any_dataRKST_St18_Manager_operation
                0x00000000000020c8        0x0 /usr/lib/gcc/x86_64-linux-gnu/13/../../../x86_64-linux-gnu/Scrt1.o
 .rela.text._ZNSt23_Sp_counted_ptr_inplaceINSt13__future_base11_Task_stateISt8functionIFbRKNSt7__cxx1112basic_stringIcSt11char_traitsIcESaIcEEEEESaIiESB_EESD_LN9__gnu_cxx12_Lock_policyE2EEC2IJSC_RKSD_EEESD_DpOT_
                0x00000000000020c8        0x0 /usr/lib/gcc/x86_64-linux-gnu/13/../../../x86_64-linux-gnu/Scrt1.o
 .rela.text._ZNSt13__future_base11_Task_stateISt8functionIFbRKNSt7__cxx1112basic_stringIcSt11char_traitsIcESaIcEEEEESaIiESA_EC2ISB_EEOT_RKSC_
                0x00000000000020c8        0x0 /usr/lib/gcc/x86_64-linux-gnu/13/../../../x86_64-linux-gnu/Scrt1.o
 *(.rela.fini)
 *(.rela.rodata .rela.rodata.* .rela.gnu.linkonce.r.*)
 *(.rela.data .rela.data.* .rela.gnu.linkonce.d.*)
 .rela.data.rel.ro
                0x00000000000020c8      0x3c0 /usr/lib/gcc/x86_64-linux-gnu/13/../../../x86_64-linux-gnu/Scrt1.o
 .rela.data.rel.local
                0x0000000000002488       0x18 /usr/lib/gcc/x86_64-linux-gnu/13/../../../x86_64-linux-gnu/Scrt1.o
 .rela.data.rel.ro.local
                0x00000000000024a0      0x540 /usr/lib/gcc/x86_64-linux-gnu/13/../../../x86_64-linux-gnu/Scrt1.o
 .rela.data.rel.ro.local._ZTVSt23_Sp_counted_ptr_inplaceINSt13__future_base11_Task_stateISt8functionIFbRKNSt7__cxx1112basic_stringIcSt11char_traitsIcESaIcEEEEESaIiESB_EESD_LN9__gnu_cxx12_Lock_policyE2EE
                0x00000000000029e0       0x90 /usr/lib/gcc/x86_64-linux-gnu/13/../../../x86_64-linux-gnu/Scrt1.o
 .rela.data.rel.ro.local._ZTVSt23_Sp_counted_ptr_inplaceINSt13__future_base13_State_baseV2ESaIvELN9__gnu_cxx12_Lock_policyE2EE
                0x0000000000002a70       0x90 /usr/lib/gcc/x86_64-linux-gnu/13/../../../x86_64-linux-gnu/Scrt1.o
 .rela.data.rel.ro.local._ZTVNSt13__future_base11_Task_stateISt8functionIFbRKNSt7__cxx1112basic_stringIcSt11char_traitsIcESaIcEEEEESaIiESA_EE
                0x0000000000002b00       0xc0 /usr/lib/gcc/x86_64-linux-gnu/13/../../../x86_64-linux-gnu/Scrt1.o
 .rela.data.rel.ro.local._ZTVNSt6thread11_State_implINS_8_InvokerISt5tupleIJSt13packaged_taskIFbRKNSt7__cxx1112basic_stringIcSt11char_traitsIcESaIcEEEEEPcEEEEEE
                0x0000000000002bc0       0x60 /usr/lib/gcc/x86_64-linux-gnu/13/../../../x86_64-linux-gnu/Scrt1.o
 .rela.data.rel.ro.local._ZTVNSt13__future_base7_ResultIbEE
                0x0000000000002c20       0x60 /usr/lib/gcc/x86_64-linux-gnu/13/../../../x86_64-linux-gnu/Scrt1.o
 .rela.data.rel.ro._ZTVNSt13__future_base16_Task_state_baseIFbRKNSt7__cxx1112basic_stringIcSt11char_traitsIcESaIcEEEEEE
                0x0000000000002c80       0x90 /usr/lib/gcc/x86_64-linux-gnu/13/../../../x86_64-linux-gnu/Scrt1.o
 .rela.data.rel.ro.local._ZTVNSt6thread11_State_implINS_8_InvokerISt5tupleIJPFvRSt7promiseIRKNSt7__cxx1112basic_stringIcSt11char_traitsIcESaIcEEEESB_ESt17reference_wrapperISC_ESG_IS9_EEEEEEE
                0x0000000000002d10       0x60 /usr/lib/gcc/x86_64-linux-gnu/13/../../../x86_64-linux-gnu/Scrt1.o
 .rela.data.rel.ro.local._ZTVNSt13__future_base7_ResultIRKNSt7__cxx1112basic_stringIcSt11char_traitsIcESaIcEEEEE
                0x0000000000002d70       0x60 /usr/lib/gcc/x86_64-linux-gnu/13/../../../x86_64-linux-gnu/Scrt1.o
 .rela.data.rel.ro.local._ZTVNSt13__future_base21_Async_state_commonV2E
                0x0000000000002dd0       0x78 /usr/lib/gcc/x86_64-linux-gnu/13/../../../x86_64-linux-gnu/Scrt1.o
 .rela.data.rel.ro.local._ZTVNSt13__future_base7_ResultIvEE
                0x0000000000002e48       0x60 /usr/lib/gcc/x86_64-linux-gnu/13/../../../x86_64-linux-gnu/Scrt1.o
 .rela.data.rel.ro.local._ZTVNSt13__future_base13_State_baseV2E
                0x0000000000002ea8       0x78 /usr/lib/gcc/x86_64-linux-gnu/13/../../../x86_64-linux-gnu/Scrt1.o
 .rela.data.rel.ro._ZTVSt16_Sp_counted_baseILN9__gnu_cxx12_Lock_policyE2EE
                0x0000000000002f20       0x60 /usr/lib/gcc/x86_64-linux-gnu/13/../../../x86_64-linux-gnu/Scrt1.o
 .rela.data.rel.ro._ZTISt23_Sp_counted_ptr_inplaceINSt13__future_base11_Task_stateISt8functionIFbRKNSt7__cxx1112basic_stringIcSt11char_traitsIcESaIcEEEEESaIiESB_EESD_LN9__gnu_cxx12_Lock_policyE2EE
                0x0000000000002f80       0x48 /usr/lib/gcc/x86_64-linux-gnu/13/../../../x86_64-linux-gnu/Scrt1.o
 .rela.data.rel.ro._ZTISt23_Sp_counted_ptr_inplaceINSt13__future_base13_State_baseV2ESaIvELN9__gnu_cxx12_Lock_policyE2EE
                0x0000000000002fc8       0x48 /usr/lib/gcc/x86_64-linux-gnu/13/../../../x86_64-linux-gnu/Scrt1.o
 .rela.data.rel.ro._ZTINSt13__future_base13_State_baseV27_SetterIRKNSt7__cxx1112basic_stringIcSt11char_traitsIcESaIcEEES9_EE
                0x0000000000003010       0x30 /usr/lib/gcc/x86_64-linux-gnu/13/../../../x86_64-linux-gnu/Scrt1.o
 .rela.data.rel.ro._ZTINSt13__future_base11_Task_stateISt8functionIFbRKNSt7__cxx1112basic_stringIcSt11char_traitsIcESaIcEEEEESaIiESA_EE
                0x0000000000003040       0x48 /usr/lib/gcc/x86_64-linux-gnu/13/../../../x86_64-linux-gnu/Scrt1.o
 .rela.data.rel.ro._ZTIPFbRKNSt7__cxx1112basic_stringIcSt11char_traitsIcESaIcEEEE
                0x0000000000003088       0x48 /usr/lib/gcc/x86_64-linux-gnu/13/../../../x86_64-linux-gnu/Scrt1.o
 .rela.data.rel.ro._ZTINSt6thread11_State_implINS_8_InvokerISt5tupleIJSt13packaged_taskIFbRKNSt7__cxx1112basic_stringIcSt11char_traitsIcESaIcEEEEEPcEEEEEE
                0x00000000000030d0       0x48 /usr/lib/gcc/x86_64-linux-gnu/13/../../../x86_64-linux-gnu/Scrt1.o
 .rela.data.rel.ro._ZTINSt13__future_base7_ResultIbEE
                0x0000000000003118       0x48 /usr/lib/gcc/x86_64-linux-gnu/13/../../../x86_64-linux-gnu/Scrt1.o
 .rela.data.rel.ro._ZTINSt13__future_base16_Task_state_baseIFbRKNSt7__cxx1112basic_stringIcSt11char_traitsIcESaIcEEEEEE
                0x0000000000003160       0x48 /usr/lib/gcc/x86_64-linux-gnu/13/../../../x86_64-linux-gnu/Scrt1.o
 .rela.data.rel.ro._ZTINSt6thread11_State_implINS_8_InvokerISt5tupleIJPFvRSt7promiseIRKNSt7__cxx1112basic_stringIcSt11char_traitsIcESaIcEEEESB_ESt17reference_wrapperISC_ESG_IS9_EEEEEEE
                0x00000000000031a8       0x48 /usr/lib/gcc/x86_64-linux-gnu/13/../../../x86_64-linux-gnu/Scrt1.o
 .rela.data.rel.ro._ZTINSt13__future_base7_ResultIRKNSt7__cxx1112basic_stringIcSt11char_traitsIcESaIcEEEEE
                0x00000000000031f0       0x48 /usr/lib/gcc/x86_64-linux-gnu/13/../../../x86_64-linux-gnu/Scrt1.o
 .rela.data.rel.ro._ZTINSt13__future_base21_Async_state_commonV2E
                0x0000000000003238       0x48 /usr/lib/gcc/x86_64-linux-gnu/13/../../../x86_64-linux-gnu/Scrt1.o
 .rela.data.rel.ro._ZTINSt13__future_base7_ResultIvEE
                0x0000000000003280       0x48 /usr/lib/gcc/x86_64-linux-gnu/13/../../../x86_64-linux-gnu/Scrt1.o
 .rela.data.rel.ro._ZTINSt13__future_base13_State_baseV2E
                0x00000000000032c8       0x30 /usr/lib/gcc/x86_64-linux-gnu/13/../../../x86_64-linux-gnu/Scrt1.o
 .rela.data.rel.ro._ZTISt16_Sp_counted_baseILN9__gnu_cxx12_Lock_policyE2EE
                0x00000000000032f8       0x48 /usr/lib/gcc/x86_64-linux-gnu/13/../../../x86_64-linux-gnu/Scrt1.o
 .rela.data.rel.ro._ZTINSt13__future_base12_Task_setterISt10unique_ptrINS_7_ResultIbEENS_12_Result_base8_DeleterEEZNS_11_Task_stateISt8functionIFbRKNSt7__cxx1112basic_stringIcSt11char_traitsIcESaIcEEEEESaIiESH_E14_M_run_delayedESG_St8weak_ptrINS_13_State_baseV2EEEUlvE_bEE
                0x0000000000003340       0x30 /usr/lib/gcc/x86_64-linux-gnu/13/../../../x86_64-linux-gnu/Scrt1.o
 .rela.data.rel.ro._ZTINSt13__future_base12_Task_setterISt10unique_ptrINS_7_ResultIbEENS_12_Result_base8_DeleterEEZNS_11_Task_stateISt8functionIFbRKNSt7__cxx1112basic_stringIcSt11char_traitsIcESaIcEEEEESaIiESH_E6_M_runESG_EUlvE_bEE
                0x0000000000003370       0x30 /usr/lib/gcc/x86_64-linux-gnu/13/../../../x86_64-linux-gnu/Scrt1.o
 .rela.data.rel.ro._ZTISt19_Sp_make_shared_tag
                0x00000000000033a0       0x30 /usr/lib/gcc/x86_64-linux-gnu/13/../../../x86_64-linux-gnu/Scrt1.o
 .rela.data.rel.ro._ZTIFbRKNSt7__cxx1112basic_stringIcSt11char_traitsIcESaIcEEEE
                0x00000000000033d0       0x30 /usr/lib/gcc/x86_64-linux-gnu/13/../../../x86_64-linux-gnu/Scrt1.o
 .rela.data.rel.ro._ZTISt11_Mutex_baseILN9__gnu_cxx12_Lock_policyE2EE
                0x0000000000003400       0x30 /usr/lib/gcc/x86_64-linux-gnu/13/../../../x86_64-linux-gnu/Scrt1.o
 .rela.data.rel.local.DW.ref._ZTIN10__cxxabiv115__forced_unwindE
                0x0000000000003430       0x18 /usr/lib/gcc/x86_64-linux-gnu/13/../../../x86_64-linux-gnu/Scrt1.o
 .rela.data.rel.local.DW.ref._ZTISt12system_error
                0x0000000000003448       0x18 /usr/lib/gcc/x86_64-linux-gnu/13/../../../x86_64-linux-gnu/Scrt1.o
 .rela.data.rel.local.DW.ref.__gxx_personality_v0
                0x0000000000003460       0x18 /usr/lib/gcc/x86_64-linux-gnu/13/../../../x86_64-linux-gnu/Scrt1.o
 *(.rela.tdata .rela.tdata.* .rela.gnu.linkonce.td.*)
 *(.rela.tbss .rela.tbss.* .rela.gnu.linkonce.tb.*)
 *(.rela.ctors)
 *(.rela.dtors)
 *(.rela.got)
 .rela.got      0x0000000000003478      0x108 /usr/lib/gcc/x86_64-linux-gnu/13/../../../x86_64-linux-gnu/Scrt1.o
 *(.rela.bss .rela.bss.* .rela.gnu.linkonce.b.*)
 .rela.bss      0x0000000000003580       0x48 /usr/lib/gcc/x86_64-linux-gnu/13/../../../x86_64-linux-gnu/Scrt1.o
 *(.rela.ldata .rela.ldata.* .rela.gnu.linkonce.l.*)
 *(.rela.lbss .rela.lbss.* .rela.gnu.linkonce.lb.*)
 *(.rela.lrodata .rela.lrodata.* .rela.gnu.linkonce.lr.*)
 *(.rela.ifunc)
 .rela.ifunc    0x00000000000035c8        0x0 /usr/lib/gcc/x86_64-linux-gnu/13/../../../x86_64-linux-gnu/Scrt1.o
 .rela.fini_array
                0x00000000000035c8       0x18 /usr/lib/gcc/x86_64-linux-gnu/13/../../../x86_64-linux-gnu/Scrt1.o
 .rela.init_array
                0x00000000000035e0       0x30 /usr/lib/gcc/x86_64-linux-gnu/13/../../../x86_64-linux-gnu/Scrt1.o
 .rela.gcc_except_table
                0x0000000000003610        0x0 /usr/lib/gcc/x86_64-linux-gnu/13/../../../x86_64-linux-gnu/Scrt1.o
 .rela.eh_frame
                0x0000000000003610        0x0 /usr/lib/gcc/x86_64-linux-gnu/13/../../../x86_64-linux-gnu/Scrt1.o

.rela.plt       0x0000000000003610      0x678
 *(.rela.plt)
 .rela.plt      0x0000000000003610      0x678 /usr/lib/gcc/x86_64-linux-gnu/13/../../../x86_64-linux-gnu/Scrt1.o
 *(.rela.iplt)

.relr.dyn
 *(.relr.dyn)
                0x0000000000004000                . = ALIGN (CONSTANT (MAXPAGESIZE))

.init           0x0000000000004000       0x1b
 *(SORT_NONE(.init))
 .init          0x0000000000004000       0x16 /usr/lib/gcc/x86_64-linux-gnu/13/../../../x86_64-linux-gnu/crti.o
                0x0000000000004000                _init
 .init          0x0000000000004016        0x5 /usr/lib/gcc/x86_64-linux-gnu/13/../../../x86_64-linux-gnu/crtn.o

.plt            0x0000000000004020      0x460
 *(.plt)
 .plt           0x0000000000004020      0x460 /usr/lib/gcc/x86_64-linux-gnu/13/../../../x86_64-linux-gnu/Scrt1.o
 *(.iplt)

.plt.got        0x0000000000004480       0x20
 *(.plt.got)
 .plt.got       0x0000000000004480       0x20 /usr/lib/gcc/x86_64-linux-gnu/13/../../../x86_64-linux-gnu/Scrt1.o
                0x0000000000004480                __cxa_finalize@@GLIBC_2.2.5
                0x0000000000004490                std::thread::join()@@GLIBCXX_3.4.11

.plt.sec        0x00000000000044a0      0x450
 *(.plt.sec)
 .plt.sec       0x00000000000044a0      0x450 /usr/lib/gcc/x86_64-linux-gnu/13/../../../x86_64-linux-gnu/Scrt1.o
                0x00000000000044a0                std::__cxx11::basic_string<char, std::char_traits<char>, std::allocator<char> >::operator=(std::__cxx11::basic_string<char, std::char_traits<char>, std::allocator<char> > const&)@@GLIBCXX_3.4.21
                0x00000000000044b0                std::__exception_ptr::exception_ptr::_M_addref()@@CXXABI_1.3.13
                0x00000000000044c0                std::__throw_future_error(int)@@GLIBCXX_3.4.14
                0x00000000000044d0                std::ostream::operator<<(unsigned long)@@GLIBCXX_3.4
                0x00000000000044e0                std::__cxx11::basic_string<char, std::char_traits<char>, std::allocator<char> >::insert(unsigned long, char const*)@@GLIBCXX_3.4.21
                0x00000000000044f0                std::terminate()@@GLIBCXX_3.4
                0x0000000000004500                std::condition_variable::wait(std::unique_lock<std::mutex>&)@@GLIBCXX_3.4.30
                0x0000000000004510                std::__future_base::_State_baseV2::_Make_ready::_M_set()@@GLIBCXX_3.4.21
                0x0000000000004520                std::__throw_bad_alloc()@@GLIBCXX_3.4
                0x0000000000004530                std::__throw_bad_function_call()@@GLIBCXX_3.4.14
                0x0000000000004540                __cxa_begin_catch@@CXXABI_1.3
                0x0000000000004550                strlen@@GLIBC_2.2.5
                0x0000000000004560                memcmp@@GLIBC_2.2.5
                0x0000000000004570                std::thread::_State::~_State()@@GLIBCXX_3.4.22
                0x0000000000004580                __cxa_allocate_exception@@CXXABI_1.3
                0x0000000000004590                std::condition_variable::notify_one()@@GLIBCXX_3.4.11
                0x00000000000045a0                std::_V2::generic_category()@@GLIBCXX_3.4.21
                0x00000000000045b0                std::future_category()@@GLIBCXX_3.4.15
                0x00000000000045c0                std::__cxx11::basic_string<char, std::char_traits<char>, std::allocator<char> >::data()@@GLIBCXX_3.4.26
                0x00000000000045d0                std::__cxx11::basic_string<char, std::char_traits<char>, std::allocator<char> >::basic_string(std::__cxx11::basic_string<char, std::char_traits<char>, std::allocator<char> >&&)@@GLIBCXX_3.4.21
                0x00000000000045e0                std::__future_base::_Result_base::_Result_base()@@GLIBCXX_3.4.15
                0x00000000000045f0                std::__cxx11::basic_string<char, std::char_traits<char>, std::allocator<char> >::~basic_string()@@GLIBCXX_3.4.21
                0x0000000000004600                std::__throw_system_error(int)@@GLIBCXX_3.4.11
                0x0000000000004610                std::__cxx11::basic_string<char, std::char_traits<char>, std::allocator<char> >::_M_set_length(unsigned long)@@GLIBCXX_3.4.21
                0x0000000000004620                std::__cxx11::basic_string<char, std::char_traits<char>, std::allocator<char> >::size() const@@GLIBCXX_3.4.21
                0x0000000000004630                std::__throw_logic_error(char const*)@@GLIBCXX_3.4
                0x0000000000004640                std::__future_base::_Result_base::~_Result_base()@@GLIBCXX_3.4.15
                0x0000000000004650                sleep@@GLIBC_2.2.5
                0x0000000000004660                pthread_mutex_unlock@@GLIBC_2.2.5
                0x0000000000004670                std::__throw_bad_array_new_length()@@GLIBCXX_3.4.29
                0x0000000000004680                std::__cxx11::basic_string<char, std::char_traits<char>, std::allocator<char> >::_M_local_data()@@GLIBCXX_3.4.21
                0x0000000000004690                std::__cxx11::basic_string<char, std::char_traits<char>, std::allocator<char> >::_M_data(char*)@@GLIBCXX_3.4.21
                0x00000000000046a0                std::__exception_ptr::exception_ptr::_M_release()@@CXXABI_1.3.13
                0x00000000000046b0                __cxa_atexit@@GLIBC_2.2.5
                0x00000000000046c0                std::basic_ostream<char, std::char_traits<char> >& std::operator<< <char, std::char_traits<char>, std::allocator<char> >(std::basic_ostream<char, std::char_traits<char> >&, std::__cxx11::basic_string<char, std::char_traits<char>, std::allocator<char> > const&)@@GLIBCXX_3.4.21
                0x00000000000046d0                pthread_self@@GLIBC_2.2.5
                0x00000000000046e0                std::thread::_M_start_thread(std::unique_ptr<std::thread::_State, std::default_delete<std::thread::_State> >, void (*)())@@GLIBCXX_3.4.22
                0x00000000000046f0                __cxa_init_primary_exception@@CXXABI_1.3.11
                0x0000000000004700                std::__atomic_futex_unsigned_base::_M_futex_notify_all(unsigned int*)@@GLIBCXX_3.4.21
                0x0000000000004710                pthread_once@@GLIBC_2.34
                0x0000000000004720                std::basic_ostream<char, std::char_traits<char> >& std::operator<< <std::char_traits<char> >(std::basic_ostream<char, std::char_traits<char> >&, char const*)@@GLIBCXX_3.4
                0x0000000000004730                operator new(unsigned long)@@GLIBCXX_3.4
                0x0000000000004740                operator delete(void*, unsigned long)@@CXXABI_1.3.9
                0x0000000000004750                std::rethrow_exception(std::__exception_ptr::exception_ptr)@@CXXABI_1.3.3
                0x0000000000004760                std::ostream::operator<<(std::ostream& (*)(std::ostream&))@@GLIBCXX_3.4
                0x0000000000004770                std::__cxx11::basic_string<char, std::char_traits<char>, std::allocator<char> >::_Alloc_hider::_Alloc_hider(char*, std::allocator<char> const&)@@GLIBCXX_3.4.21
                0x0000000000004780                std::__cxx11::basic_string<char, std::char_traits<char>, std::allocator<char> >::_M_data() const@@GLIBCXX_3.4.21
                0x0000000000004790                std::current_exception()@@CXXABI_1.3.3
                0x00000000000047a0                std::__cxx11::basic_string<char, std::char_traits<char>, std::allocator<char> >::_S_copy_chars(char*, char const*, char const*)@@GLIBCXX_3.4.21
                0x00000000000047b0                __stack_chk_fail@@GLIBC_2.4
                0x00000000000047c0                std::__cxx11::basic_string<char, std::char_traits<char>, std::allocator<char> >::_M_dispose()@@GLIBCXX_3.4.21
                0x00000000000047d0                std::basic_istream<char, std::char_traits<char> >& std::operator>><char, std::char_traits<char>, std::allocator<char> >(std::basic_istream<char, std::char_traits<char> >&, std::__cxx11::basic_string<char, std::char_traits<char>, std::allocator<char> >&)@@GLIBCXX_3.4.21
                0x00000000000047e0                std::__cxx11::basic_string<char, std::char_traits<char>, std::allocator<char> >::data() const@@GLIBCXX_3.4.21
                0x00000000000047f0                std::__exception_ptr::exception_ptr::exception_ptr(void*)@@CXXABI_1.3.11
                0x0000000000004800                strcmp@@GLIBC_2.2.5
                0x0000000000004810                std::condition_variable::condition_variable()@@GLIBCXX_3.4.11
                0x0000000000004820                __cxa_rethrow@@CXXABI_1.3
                0x0000000000004830                pthread_mutex_lock@@GLIBC_2.2.5
                0x0000000000004840                _exit@@GLIBC_2.2.5
                0x0000000000004850                __cxa_end_catch@@CXXABI_1.3
                0x0000000000004860                std::logic_error::logic_error(std::logic_error const&)@@GLIBCXX_3.4.21
                0x0000000000004870                std::__atomic_futex_unsigned_base::_M_futex_wait_until(unsigned int*, unsigned int, bool, std::chrono::duration<long, std::ratio<1l, 1l> >, std::chrono::duration<long, std::ratio<1l, 1000000000l> >)@@GLIBCXX_3.4.21
                0x0000000000004880                std::ostream::operator<<(int)@@GLIBCXX_3.4
                0x0000000000004890                std::thread::detach()@@GLIBCXX_3.4.11
                0x00000000000048a0                _Unwind_Resume@@GCC_3.0
                0x00000000000048b0                std::__cxx11::basic_string<char, std::char_traits<char>, std::allocator<char> >::_M_create(unsigned long&, unsigned long)@@GLIBCXX_3.4.21
                0x00000000000048c0                std::future_error::~future_error()@@GLIBCXX_3.4.14
                0x00000000000048d0                std::__cxx11::basic_string<char, std::char_traits<char>, std::allocator<char> >::_M_capacity(unsigned long)@@GLIBCXX_3.4.21
                0x00000000000048e0                std::logic_error::logic_error(std::__cxx11::basic_string<char, std::char_traits<char>, std::allocator<char> > const&)@@GLIBCXX_3.4.21

.text           0x00000000000048f0    0x119a5
 *(.text.unlikely .text.*_unlikely .text.unlikely.*)
 *(.text.exit .text.exit.*)
 *(.text.startup .text.startup.*)
 *(.text.hot .text.hot.*)
 *(SORT_BY_NAME(.text.sorted.*))
 *(.text .stub .text.* .gnu.linkonce.t.*)
 .text          0x00000000000048f0       0x26 /usr/lib/gcc/x86_64-linux-gnu/13/../../../x86_64-linux-gnu/Scrt1.o
                0x00000000000048f0                _start
 .text          0x0000000000004916        0x0 /usr/lib/gcc/x86_64-linux-gnu/13/../../../x86_64-linux-gnu/crti.o
 *fill*         0x0000000000004916        0xa 
 .text          0x0000000000004920       0xb9 /usr/lib/gcc/x86_64-linux-gnu/13/crtbeginS.o
 *fill*         0x00000000000049d9        0x1 
 .text          0x00000000000049da     0x6850 build/main.o
                0x0000000000004a1f                task(std::__cxx11::basic_string<char, std::char_traits<char>, std::allocator<char> > const&)
                0x0000000000004a7f                initPromise(std::promise<std::__cxx11::basic_string<char, std::char_traits<char>, std::allocator<char> > const&>&, std::__cxx11::basic_string<char, std::char_traits<char>, std::allocator<char> > const&)
                0x0000000000004dba                main
                0x000000000000528d                threadFunction1()
                0x000000000000534a                threadFunction2()
 .text._ZSt23__is_constant_evaluatedv
                0x000000000000b22a        0xf build/main.o
                0x000000000000b22a                std::__is_constant_evaluated()
 .text._ZL20__gthread_mutex_lockP15pthread_mutex_t
                0x000000000000b239       0x2f build/main.o
 .text._ZL22__gthread_mutex_unlockP15pthread_mutex_t
                0x000000000000b268       0x2f build/main.o
 *fill*         0x000000000000b297        0x1 
 .text._ZNSt5mutex4lockEv
                0x000000000000b298       0x32 build/main.o
                0x000000000000b298                std::mutex::lock()
 .text._ZNSt5mutex6unlockEv
                0x000000000000b2ca       0x1f build/main.o
                0x000000000000b2ca                std::mutex::unlock()
 .text._ZnwmPv  0x000000000000b2e9       0x16 build/main.o
                0x000000000000b2e9                operator new(unsigned long, void*)
 .text._ZdlPvS_
                0x000000000000b2ff       0x13 build/main.o
                0x000000000000b2ff                operator delete(void*, void*)
 .text._ZNKSt9type_info4nameEv
                0x000000000000b312       0x33 build/main.o
                0x000000000000b312                std::type_info::name() const
 *fill*         0x000000000000b345        0x1 
 .text._ZNKSt9type_infoeqERKS_
                0x000000000000b346       0x8a build/main.o
                0x000000000000b346                std::type_info::operator==(std::type_info const&) const
 .text._ZNSt15__exception_ptr13exception_ptrC2EDn
                0x000000000000b3d0       0x1e build/main.o
                0x000000000000b3d0                std::__exception_ptr::exception_ptr::exception_ptr(decltype(nullptr))
                0x000000000000b3d0                std::__exception_ptr::exception_ptr::exception_ptr(decltype(nullptr))
 .text._ZNSt15__exception_ptr13exception_ptrC2EOS0_
                0x000000000000b3ee       0x2c build/main.o
                0x000000000000b3ee                std::__exception_ptr::exception_ptr::exception_ptr(std::__exception_ptr::exception_ptr&&)
                0x000000000000b3ee                std::__exception_ptr::exception_ptr::exception_ptr(std::__exception_ptr::exception_ptr&&)
 .text._ZNSt15__exception_ptr13exception_ptraSEOS0_
                0x000000000000b41a       0x6f build/main.o
                0x000000000000b41a                std::__exception_ptr::exception_ptr::operator=(std::__exception_ptr::exception_ptr&&)
 .text._ZNSt15__exception_ptreqERKNS_13exception_ptrES2_
                0x000000000000b489       0x26 build/main.o
                0x000000000000b489                std::__exception_ptr::operator==(std::__exception_ptr::exception_ptr const&, std::__exception_ptr::exception_ptr const&)
 *fill*         0x000000000000b4af        0x1 
 .text._ZNSt15__exception_ptr13exception_ptrC2ERKS0_
                0x000000000000b4b0       0x3d build/main.o
                0x000000000000b4b0                std::__exception_ptr::exception_ptr::exception_ptr(std::__exception_ptr::exception_ptr const&)
                0x000000000000b4b0                std::__exception_ptr::exception_ptr::exception_ptr(std::__exception_ptr::exception_ptr const&)
 *fill*         0x000000000000b4ed        0x1 
 .text._ZNSt15__exception_ptr13exception_ptrD2Ev
                0x000000000000b4ee       0x2b build/main.o
                0x000000000000b4ee                std::__exception_ptr::exception_ptr::~exception_ptr()
                0x000000000000b4ee                std::__exception_ptr::exception_ptr::~exception_ptr()
 *fill*         0x000000000000b519        0x1 
 .text._ZNSt15__exception_ptr13exception_ptr4swapERS0_
                0x000000000000b51a       0x37 build/main.o
                0x000000000000b51a                std::__exception_ptr::exception_ptr::swap(std::__exception_ptr::exception_ptr&)
 *fill*         0x000000000000b551        0x1 
 .text._ZNSt16_Sp_counted_baseILN9__gnu_cxx12_Lock_policyE2EE10_M_releaseEv
                0x000000000000b552      0x130 build/main.o
                0x000000000000b552                std::_Sp_counted_base<(__gnu_cxx::_Lock_policy)2>::_M_release()
 .text._ZNSt19_Sp_make_shared_tag5_S_tiEv
                0x000000000000b682       0x11 build/main.o
                0x000000000000b682                std::_Sp_make_shared_tag::_S_ti()
 *fill*         0x000000000000b693        0x1 
 .text._ZNSt9_Any_data9_M_accessEv
                0x000000000000b694       0x12 build/main.o
                0x000000000000b694                std::_Any_data::_M_access()
 .text._ZNKSt9_Any_data9_M_accessEv
                0x000000000000b6a6       0x12 build/main.o
                0x000000000000b6a6                std::_Any_data::_M_access() const
 .text._ZNSt14_Function_baseD2Ev
                0x000000000000b6b8       0x3e build/main.o
                0x000000000000b6b8                std::_Function_base::~_Function_base()
                0x000000000000b6b8                std::_Function_base::~_Function_base()
 .text._ZNKSt14_Function_base8_M_emptyEv
                0x000000000000b6f6       0x1c build/main.o
                0x000000000000b6f6                std::_Function_base::_M_empty() const
 .text._ZNSt9once_flag18_Prepare_executionD2Ev
                0x000000000000b712       0x2d build/main.o
                0x000000000000b712                std::once_flag::_Prepare_execution::~_Prepare_execution()
                0x000000000000b712                std::once_flag::_Prepare_execution::~_Prepare_execution()
 .text._ZNSt11char_traitsIcE2ltERKcS2_
                0x000000000000b73f       0x27 build/main.o
                0x000000000000b73f                std::char_traits<char>::lt(char const&, char const&)
 .text._ZNSt11char_traitsIcE7compareEPKcS2_m
                0x000000000000b766       0xc4 build/main.o
                0x000000000000b766                std::char_traits<char>::compare(char const*, char const*, unsigned long)
 .text._ZNSt11char_traitsIcE6lengthEPKc
                0x000000000000b82a       0x36 build/main.o
                0x000000000000b82a                std::char_traits<char>::length(char const*)
 .text._ZNSt10error_codeC2EiRKNSt3_V214error_categoryE
                0x000000000000b860       0x2b build/main.o
                0x000000000000b860                std::error_code::error_code(int, std::_V2::error_category const&)
                0x000000000000b860                std::error_code::error_code(int, std::_V2::error_category const&)
 *fill*         0x000000000000b88b        0x1 
 .text._ZNKSt10error_code5valueEv
                0x000000000000b88c       0x14 build/main.o
                0x000000000000b88c                std::error_code::value() const
 .text._ZNKSt10error_code8categoryEv
                0x000000000000b8a0       0x16 build/main.o
                0x000000000000b8a0                std::error_code::category() const
 .text._ZNKSt10error_code7messageB5cxx11Ev
                0x000000000000b8b6       0x7b build/main.o
                0x000000000000b8b6                std::error_code::message[abi:cxx11]() const
 *fill*         0x000000000000b931        0x1 
 .text._ZNSt15error_conditionC2EiRKNSt3_V214error_categoryE
                0x000000000000b932       0x2b build/main.o
                0x000000000000b932                std::error_condition::error_condition(int, std::_V2::error_category const&)
                0x000000000000b932                std::error_condition::error_condition(int, std::_V2::error_category const&)
 *fill*         0x000000000000b95d        0x1 
 .text._ZNKSt15error_condition5valueEv
                0x000000000000b95e       0x14 build/main.o
                0x000000000000b95e                std::error_condition::value() const
 .text._ZNKSt15error_condition8categoryEv
                0x000000000000b972       0x16 build/main.o
                0x000000000000b972                std::error_condition::category() const
 .text._ZSt20make_error_conditionSt4errc
                0x000000000000b988       0x6b build/main.o
                0x000000000000b988                std::make_error_condition(std::errc)
 .text._ZSteqRKSt10error_codeRKSt15error_condition
                0x000000000000b9f3       0x9e build/main.o
                0x000000000000b9f3                std::operator==(std::error_code const&, std::error_condition const&)
 .text._ZStneRKSt10error_codeRKSt15error_condition
                0x000000000000ba91       0x2c build/main.o
                0x000000000000ba91                std::operator!=(std::error_code const&, std::error_condition const&)
 *fill*         0x000000000000babd        0x1 
 .text._ZNKSt12system_error4codeEv
                0x000000000000babe       0x16 build/main.o
                0x000000000000babe                std::system_error::code() const
 .text._ZStanSt12memory_orderSt23__memory_order_modifier
                0x000000000000bad4       0x18 build/main.o
                0x000000000000bad4                std::operator&(std::memory_order, std::__memory_order_modifier)
 .text._ZNSt11atomic_flagC2Eb
                0x000000000000baec       0x29 build/main.o
                0x000000000000baec                std::atomic_flag::atomic_flag(bool)
                0x000000000000baec                std::atomic_flag::atomic_flag(bool)
 .text._ZNSt11atomic_flag7_S_initEb
                0x000000000000bb15       0x26 build/main.o
                0x000000000000bb15                std::atomic_flag::_S_init(bool)
 *fill*         0x000000000000bb3b        0x1 
 .text._ZNSt6atomicIjEC2Ej
                0x000000000000bb3c       0x27 build/main.o
                0x000000000000bb3c                std::atomic<unsigned int>::atomic(unsigned int)
                0x000000000000bb3c                std::atomic<unsigned int>::atomic(unsigned int)
 *fill*         0x000000000000bb63        0x1 
 .text._ZNSt6thread2idC2Ev
                0x000000000000bb64       0x1a build/main.o
                0x000000000000bb64                std::thread::id::id()
                0x000000000000bb64                std::thread::id::id()
 .text._ZNSt6thread2idC2Em
                0x000000000000bb7e       0x1e build/main.o
                0x000000000000bb7e                std::thread::id::id(unsigned long)
                0x000000000000bb7e                std::thread::id::id(unsigned long)
 .text._ZNSt6thread24_M_thread_deps_never_runEv
                0x000000000000bb9c        0xb build/main.o
                0x000000000000bb9c                std::thread::_M_thread_deps_never_run()
 *fill*         0x000000000000bba7        0x1 
 .text._ZNSt6threadD2Ev
                0x000000000000bba8       0x28 build/main.o
                0x000000000000bba8                std::thread::~thread()
                0x000000000000bba8                std::thread::~thread()
 .text._ZNSt6threadaSEOS_
                0x000000000000bbd0       0x42 build/main.o
                0x000000000000bbd0                std::thread::operator=(std::thread&&)
 .text._ZNSt6thread4swapERS_
                0x000000000000bc12       0x2a build/main.o
                0x000000000000bc12                std::thread::swap(std::thread&)
 .text._ZNKSt6thread8joinableEv
                0x000000000000bc3c       0x5a build/main.o
                0x000000000000bc3c                std::thread::joinable() const
 .text._ZSteqNSt6thread2idES0_
                0x000000000000bc96       0x20 build/main.o
                0x000000000000bc96                std::operator==(std::thread::id, std::thread::id)
 .text._ZNSt11this_thread6get_idEv
                0x000000000000bcb6       0x4c build/main.o
                0x000000000000bcb6                std::this_thread::get_id()
 .text._ZSt15make_error_codeSt11future_errc
                0x000000000000bd02       0x6b build/main.o
                0x000000000000bd02                std::make_error_code(std::future_errc)
 *fill*         0x000000000000bd6d        0x1 
 .text._ZNSt12future_errorC2ESt11future_errc
                0x000000000000bd6e       0x3f build/main.o
                0x000000000000bd6e                std::future_error::future_error(std::future_errc)
                0x000000000000bd6e                std::future_error::future_error(std::future_errc)
 *fill*         0x000000000000bdad        0x1 
 .text._ZNSt12future_errorC2ESt10error_code
                0x000000000000bdae      0x112 build/main.o
                0x000000000000bdae                std::future_error::future_error(std::error_code)
                0x000000000000bdae                std::future_error::future_error(std::error_code)
 .text._ZStanSt6launchS_
                0x000000000000bec0       0x16 build/main.o
                0x000000000000bec0                std::operator&(std::launch, std::launch)
 .text._ZNKSt13__future_base12_Result_base8_DeleterclEPS0_
                0x000000000000bed6       0x2a build/main.o
                0x000000000000bed6                std::__future_base::_Result_base::_Deleter::operator()(std::__future_base::_Result_base*) const
 .text._ZNSt9once_flagC2Ev
                0x000000000000bf00       0x19 build/main.o
                0x000000000000bf00                std::once_flag::once_flag()
                0x000000000000bf00                std::once_flag::once_flag()
 *fill*         0x000000000000bf19        0x1 
 .text._ZNSt13__future_base13_State_baseV2C2Ev
                0x000000000000bf1a       0x6b build/main.o
                0x000000000000bf1a                std::__future_base::_State_baseV2::_State_baseV2()
                0x000000000000bf1a                std::__future_base::_State_baseV2::_State_baseV2()
 *fill*         0x000000000000bf85        0x1 
 .text._ZNSt13__future_base13_State_baseV24waitEv
                0x000000000000bf86       0xf7 build/main.o
                0x000000000000bf86                std::__future_base::_State_baseV2::wait()
 *fill*         0x000000000000c07d        0x1 
 .text._ZNSt13__future_base13_State_baseV213_M_set_resultESt8functionIFSt10unique_ptrINS_12_Result_baseENS3_8_DeleterEEvEEb
                0x000000000000c07e      0x156 build/main.o
                0x000000000000c07e                std::__future_base::_State_baseV2::_M_set_result(std::function<std::unique_ptr<std::__future_base::_Result_base, std::__future_base::_Result_base::_Deleter> ()>, bool)
 .text._ZNSt10__weak_ptrINSt13__future_base13_State_baseV2ELN9__gnu_cxx12_Lock_policyE2EED2Ev
                0x000000000000c1d4       0x23 build/main.o
                0x000000000000c1d4                std::__weak_ptr<std::__future_base::_State_baseV2, (__gnu_cxx::_Lock_policy)2>::~__weak_ptr()
                0x000000000000c1d4                std::__weak_ptr<std::__future_base::_State_baseV2, (__gnu_cxx::_Lock_policy)2>::~__weak_ptr()
 *fill*         0x000000000000c1f7        0x1 
 .text._ZNSt8weak_ptrINSt13__future_base13_State_baseV2EEC2Ev
                0x000000000000c1f8       0x1f build/main.o
                0x000000000000c1f8                std::weak_ptr<std::__future_base::_State_baseV2>::weak_ptr()
                0x000000000000c1f8                std::weak_ptr<std::__future_base::_State_baseV2>::weak_ptr()
 *fill*         0x000000000000c217        0x1 
 .text._ZNSt8weak_ptrINSt13__future_base13_State_baseV2EED2Ev
                0x000000000000c218       0x1f build/main.o
                0x000000000000c218                std::weak_ptr<std::__future_base::_State_baseV2>::~weak_ptr()
                0x000000000000c218                std::weak_ptr<std::__future_base::_State_baseV2>::~weak_ptr()
 *fill*         0x000000000000c237        0x1 
 .text._ZNSt13__future_base13_State_baseV211_Make_readyC2Ev
                0x000000000000c238       0x23 build/main.o
                0x000000000000c238                std::__future_base::_State_baseV2::_Make_ready::_Make_ready()
                0x000000000000c238                std::__future_base::_State_baseV2::_Make_ready::_Make_ready()
 *fill*         0x000000000000c25b        0x1 
 .text._ZNSt8weak_ptrINSt13__future_base13_State_baseV2EEaSEOS2_
                0x000000000000c25c       0x2d build/main.o
                0x000000000000c25c                std::weak_ptr<std::__future_base::_State_baseV2>::operator=(std::weak_ptr<std::__future_base::_State_baseV2>&&)
 *fill*         0x000000000000c289        0x1 
 .text._ZNSt13__future_base13_State_baseV221_M_set_delayed_resultESt8functionIFSt10unique_ptrINS_12_Result_baseENS3_8_DeleterEEvEESt8weak_ptrIS0_E
                0x000000000000c28a      0x18c build/main.o
                0x000000000000c28a                std::__future_base::_State_baseV2::_M_set_delayed_result(std::function<std::unique_ptr<std::__future_base::_Result_base, std::__future_base::_Result_base::_Deleter> ()>, std::weak_ptr<std::__future_base::_State_baseV2>)
 .text._ZNSt13__future_base13_State_baseV216_M_break_promiseESt10unique_ptrINS_12_Result_baseENS2_8_DeleterEE
                0x000000000000c416      0x116 build/main.o
                0x000000000000c416                std::__future_base::_State_baseV2::_M_break_promise(std::unique_ptr<std::__future_base::_Result_base, std::__future_base::_Result_base::_Deleter>)
 .text._ZNSt13__future_base13_State_baseV221_M_set_retrieved_flagEv
                0x000000000000c52c       0x40 build/main.o
                0x000000000000c52c                std::__future_base::_State_baseV2::_M_set_retrieved_flag()
 .text._ZNSt13__future_base13_State_baseV29_M_do_setEPSt8functionIFSt10unique_ptrINS_12_Result_baseENS3_8_DeleterEEvEEPb
                0x000000000000c56c       0x7a build/main.o
                0x000000000000c56c                std::__future_base::_State_baseV2::_M_do_set(std::function<std::unique_ptr<std::__future_base::_Result_base, std::__future_base::_Result_base::_Deleter> ()>*, bool*)
 .text._ZNSt13__future_base13_State_baseV217_M_complete_asyncEv
                0x000000000000c5e6        0xf build/main.o
                0x000000000000c5e6                std::__future_base::_State_baseV2::_M_complete_async()
 *fill*         0x000000000000c5f5        0x1 
 .text._ZNKSt13__future_base13_State_baseV221_M_is_deferred_futureEv
                0x000000000000c5f6       0x13 build/main.o
                0x000000000000c5f6                std::__future_base::_State_baseV2::_M_is_deferred_future() const
 *fill*         0x000000000000c609        0x1 
 .text._ZNSt13__future_base7_ResultIvED2Ev
                0x000000000000c60a       0x2d build/main.o
                0x000000000000c60a                std::__future_base::_Result<void>::~_Result()
                0x000000000000c60a                std::__future_base::_Result<void>::~_Result()
 *fill*         0x000000000000c637        0x1 
 .text._ZNSt13__future_base7_ResultIvED0Ev
                0x000000000000c638       0x2f build/main.o
                0x000000000000c638                std::__future_base::_Result<void>::~_Result()
 *fill*         0x000000000000c667        0x1 
 .text._ZNSt13__future_base7_ResultIvE10_M_destroyEv
                0x000000000000c668       0x31 build/main.o
                0x000000000000c668                std::__future_base::_Result<void>::_M_destroy()
 *fill*         0x000000000000c699        0x1 
 .text._ZNSt12__shared_ptrINSt13__future_base13_State_baseV2ELN9__gnu_cxx12_Lock_policyE2EED2Ev
                0x000000000000c69a       0x23 build/main.o
                0x000000000000c69a                std::__shared_ptr<std::__future_base::_State_baseV2, (__gnu_cxx::_Lock_policy)2>::~__shared_ptr()
                0x000000000000c69a                std::__shared_ptr<std::__future_base::_State_baseV2, (__gnu_cxx::_Lock_policy)2>::~__shared_ptr()
 *fill*         0x000000000000c6bd        0x1 
 .text._ZNSt10shared_ptrINSt13__future_base13_State_baseV2EED2Ev
                0x000000000000c6be       0x1f build/main.o
                0x000000000000c6be                std::shared_ptr<std::__future_base::_State_baseV2>::~shared_ptr()
                0x000000000000c6be                std::shared_ptr<std::__future_base::_State_baseV2>::~shared_ptr()
 *fill*         0x000000000000c6dd        0x1 
 .text._ZNSt14__basic_futureIvED2Ev
                0x000000000000c6de       0x1f build/main.o
                0x000000000000c6de                std::__basic_future<void>::~__basic_future()
                0x000000000000c6de                std::__basic_future<void>::~__basic_future()
 *fill*         0x000000000000c6fd        0x1 
 .text._ZNSt6futureIvEC2ERKSt10shared_ptrINSt13__future_base13_State_baseV2EE
                0x000000000000c6fe       0x2a build/main.o
                0x000000000000c6fe                std::future<void>::future(std::shared_ptr<std::__future_base::_State_baseV2> const&)
                0x000000000000c6fe                std::future<void>::future(std::shared_ptr<std::__future_base::_State_baseV2> const&)
 .text._ZNSt6futureIvED2Ev
                0x000000000000c728       0x1f build/main.o
                0x000000000000c728                std::future<void>::~future()
                0x000000000000c728                std::future<void>::~future()
 *fill*         0x000000000000c747        0x1 
 .text._ZNSt6futureIvE3getEv
                0x000000000000c748       0x99 build/main.o
                0x000000000000c748                std::future<void>::get()
 *fill*         0x000000000000c7e1        0x1 
 .text._ZNSt13__future_base7_ResultIvEC2Ev
                0x000000000000c7e2       0x2d build/main.o
                0x000000000000c7e2                std::__future_base::_Result<void>::_Result()
                0x000000000000c7e2                std::__future_base::_Result<void>::_Result()
 *fill*         0x000000000000c80f        0x1 
 .text._ZNSt15__uniq_ptr_dataINSt13__future_base7_ResultIvEENS0_12_Result_base8_DeleterELb1ELb1EEC2EOS5_
                0x000000000000c810       0x2a build/main.o
                0x000000000000c810                std::__uniq_ptr_data<std::__future_base::_Result<void>, std::__future_base::_Result_base::_Deleter, true, true>::__uniq_ptr_data(std::__uniq_ptr_data<std::__future_base::_Result<void>, std::__future_base::_Result_base::_Deleter, true, true>&&)
                0x000000000000c810                std::__uniq_ptr_data<std::__future_base::_Result<void>, std::__future_base::_Result_base::_Deleter, true, true>::__uniq_ptr_data(std::__uniq_ptr_data<std::__future_base::_Result<void>, std::__future_base::_Result_base::_Deleter, true, true>&&)
 .text._ZNSt10unique_ptrINSt13__future_base7_ResultIvEENS0_12_Result_base8_DeleterEEC2EOS5_
                0x000000000000c83a       0x2a build/main.o
                0x000000000000c83a                std::unique_ptr<std::__future_base::_Result<void>, std::__future_base::_Result_base::_Deleter>::unique_ptr(std::unique_ptr<std::__future_base::_Result<void>, std::__future_base::_Result_base::_Deleter>&&)
                0x000000000000c83a                std::unique_ptr<std::__future_base::_Result<void>, std::__future_base::_Result_base::_Deleter>::unique_ptr(std::unique_ptr<std::__future_base::_Result<void>, std::__future_base::_Result_base::_Deleter>&&)
 .text._ZNSt8functionIFSt10unique_ptrINSt13__future_base12_Result_baseENS2_8_DeleterEEvEED2Ev
                0x000000000000c864       0x1f build/main.o
                0x000000000000c864                std::function<std::unique_ptr<std::__future_base::_Result_base, std::__future_base::_Result_base::_Deleter> ()>::~function()
                0x000000000000c864                std::function<std::unique_ptr<std::__future_base::_Result_base, std::__future_base::_Result_base::_Deleter> ()>::~function()
 *fill*         0x000000000000c883        0x1 
 .text._ZNSt13__future_base21_Async_state_commonV217_M_complete_asyncEv
                0x000000000000c884       0x1f build/main.o
                0x000000000000c884                std::__future_base::_Async_state_commonV2::_M_complete_async()
 *fill*         0x000000000000c8a3        0x1 
 .text._ZNSt13__future_base21_Async_state_commonV27_M_joinEv
                0x000000000000c8a4       0x74 build/main.o
                0x000000000000c8a4                std::__future_base::_Async_state_commonV2::_M_join()
 .text._ZN5Print5printEi
                0x000000000000c918       0x51 build/main.o
                0x000000000000c918                Print::print(int)
 *fill*         0x000000000000c969        0x1 
 .text._ZNSt14__basic_futureIRKNSt7__cxx1112basic_stringIcSt11char_traitsIcESaIcEEEED2Ev
                0x000000000000c96a       0x1f build/main.o
                0x000000000000c96a                std::__basic_future<std::__cxx11::basic_string<char, std::char_traits<char>, std::allocator<char> > const&>::~__basic_future()
                0x000000000000c96a                std::__basic_future<std::__cxx11::basic_string<char, std::char_traits<char>, std::allocator<char> > const&>::~__basic_future()
 *fill*         0x000000000000c989        0x1 
 .text._ZNSt6futureIRKNSt7__cxx1112basic_stringIcSt11char_traitsIcESaIcEEEED2Ev
                0x000000000000c98a       0x1f build/main.o
                0x000000000000c98a                std::future<std::__cxx11::basic_string<char, std::char_traits<char>, std::allocator<char> > const&>::~future()
                0x000000000000c98a                std::future<std::__cxx11::basic_string<char, std::char_traits<char>, std::allocator<char> > const&>::~future()
 *fill*         0x000000000000c9a9        0x1 
 .text._ZNSt8functionIFbRKNSt7__cxx1112basic_stringIcSt11char_traitsIcESaIcEEEEED2Ev
                0x000000000000c9aa       0x1f build/main.o
                0x000000000000c9aa                std::function<bool (std::__cxx11::basic_string<char, std::char_traits<char>, std::allocator<char> > const&)>::~function()
                0x000000000000c9aa                std::function<bool (std::__cxx11::basic_string<char, std::char_traits<char>, std::allocator<char> > const&)>::~function()
 *fill*         0x000000000000c9c9        0x1 
 .text._ZNSt14__basic_futureIbED2Ev
                0x000000000000c9ca       0x1f build/main.o
                0x000000000000c9ca                std::__basic_future<bool>::~__basic_future()
                0x000000000000c9ca                std::__basic_future<bool>::~__basic_future()
 *fill*         0x000000000000c9e9        0x1 
 .text._ZNSt6futureIbED2Ev
                0x000000000000c9ea       0x1f build/main.o
                0x000000000000c9ea                std::future<bool>::~future()
                0x000000000000c9ea                std::future<bool>::~future()
 *fill*         0x000000000000ca09        0x1 
 .text._ZNKSt16_Sp_counted_baseILN9__gnu_cxx12_Lock_policyE2EE16_M_get_use_countEv
                0x000000000000ca0a       0x1a build/main.o
                0x000000000000ca0a                std::_Sp_counted_base<(__gnu_cxx::_Lock_policy)2>::_M_get_use_count() const
 .text._ZNSt16_Sp_counted_baseILN9__gnu_cxx12_Lock_policyE2EE10_M_destroyEv
                0x000000000000ca24       0x31 build/main.o
                0x000000000000ca24                std::_Sp_counted_base<(__gnu_cxx::_Lock_policy)2>::_M_destroy()
 *fill*         0x000000000000ca55        0x1 
 .text._ZNSt16_Sp_counted_baseILN9__gnu_cxx12_Lock_policyE2EE24_M_release_last_use_coldEv
                0x000000000000ca56       0x1f build/main.o
                0x000000000000ca56                std::_Sp_counted_base<(__gnu_cxx::_Lock_policy)2>::_M_release_last_use_cold()
 *fill*         0x000000000000ca75        0x1 
 .text._ZNSt14__shared_countILN9__gnu_cxx12_Lock_policyE2EED2Ev
                0x000000000000ca76       0x2e build/main.o
                0x000000000000ca76                std::__shared_count<(__gnu_cxx::_Lock_policy)2>::~__shared_count()
                0x000000000000ca76                std::__shared_count<(__gnu_cxx::_Lock_policy)2>::~__shared_count()
 .text._ZN9__gnu_cxx11char_traitsIcE6lengthEPKc
                0x000000000000caa4       0x6d build/main.o
                0x000000000000caa4                __gnu_cxx::char_traits<char>::length(char const*)
 *fill*         0x000000000000cb11        0x1 
 .text._ZNSt7__cxx1112basic_stringIcSt11char_traitsIcESaIcEE12_Alloc_hiderD2Ev
                0x000000000000cb12       0x28 build/main.o
                0x000000000000cb12                std::__cxx11::basic_string<char, std::char_traits<char>, std::allocator<char> >::_Alloc_hider::~_Alloc_hider()
                0x000000000000cb12                std::__cxx11::basic_string<char, std::char_traits<char>, std::allocator<char> >::_Alloc_hider::~_Alloc_hider()
 .text._ZStplIcSt11char_traitsIcESaIcEENSt7__cxx1112basic_stringIT_T0_T1_EEPKS5_OS8_
                0x000000000000cb3a       0x4d build/main.o
                0x000000000000cb3a                std::__cxx11::basic_string<char, std::char_traits<char>, std::allocator<char> > std::operator+<char, std::char_traits<char>, std::allocator<char> >(char const*, std::__cxx11::basic_string<char, std::char_traits<char>, std::allocator<char> >&&)
 *fill*         0x000000000000cb87        0x1 
 .text._ZNSt13__atomic_baseIjEC2Ej
                0x000000000000cb88       0x1b build/main.o
                0x000000000000cb88                std::__atomic_base<unsigned int>::__atomic_base(unsigned int)
                0x000000000000cb88                std::__atomic_base<unsigned int>::__atomic_base(unsigned int)
 .text._ZSt4swapINSt6thread2idEENSt9enable_ifIXsrSt6__and_IJSt6__not_ISt15__is_tuple_likeIT_EESt21is_move_constructibleIS6_ESt18is_move_assignableIS6_EEE5valueEvE4typeERS6_SG_
                0x000000000000cba3       0x79 build/main.o
                0x000000000000cba3                std::enable_if<std::__and_<std::__not_<std::__is_tuple_like<std::thread::id> >, std::is_move_constructible<std::thread::id>, std::is_move_assignable<std::thread::id> >::value, void>::type std::swap<std::thread::id>(std::thread::id&, std::thread::id&)
 .text._ZNSt15__uniq_ptr_implINSt13__future_base12_Result_baseENS1_8_DeleterEEC2Ev
                0x000000000000cc1c       0x1f build/main.o
                0x000000000000cc1c                std::__uniq_ptr_impl<std::__future_base::_Result_base, std::__future_base::_Result_base::_Deleter>::__uniq_ptr_impl()
                0x000000000000cc1c                std::__uniq_ptr_impl<std::__future_base::_Result_base, std::__future_base::_Result_base::_Deleter>::__uniq_ptr_impl()
 *fill*         0x000000000000cc3b        0x1 
 .text._ZNSt15__uniq_ptr_dataINSt13__future_base12_Result_baseENS1_8_DeleterELb1ELb1EECI2St15__uniq_ptr_implIS1_S2_EEv
                0x000000000000cc3c       0x1f build/main.o
                0x000000000000cc3c                std::__uniq_ptr_data<std::__future_base::_Result_base, std::__future_base::_Result_base::_Deleter, true, true>::__uniq_ptr_impl()
                0x000000000000cc3c                std::__uniq_ptr_data<std::__future_base::_Result_base, std::__future_base::_Result_base::_Deleter, true, true>::__uniq_ptr_impl()
 *fill*         0x000000000000cc5b        0x1 
 .text._ZNSt10unique_ptrINSt13__future_base12_Result_baseENS1_8_DeleterEEC2IS2_vEEv
                0x000000000000cc5c       0x2a build/main.o
                0x000000000000cc5c                std::unique_ptr<std::__future_base::_Result_base, std::__future_base::_Result_base::_Deleter>::unique_ptr<std::__future_base::_Result_base::_Deleter, void>()
                0x000000000000cc5c                std::unique_ptr<std::__future_base::_Result_base, std::__future_base::_Result_base::_Deleter>::unique_ptr<std::__future_base::_Result_base::_Deleter, void>()
 .text._ZNSt10unique_ptrINSt13__future_base12_Result_baseENS1_8_DeleterEED2Ev
                0x000000000000cc86       0x68 build/main.o
                0x000000000000cc86                std::unique_ptr<std::__future_base::_Result_base, std::__future_base::_Result_base::_Deleter>::~unique_ptr()
                0x000000000000cc86                std::unique_ptr<std::__future_base::_Result_base, std::__future_base::_Result_base::_Deleter>::~unique_ptr()
 .text._ZNSt23__atomic_futex_unsignedILj2147483648EEC2Ej
                0x000000000000ccee       0x27 build/main.o
                0x000000000000ccee                std::__atomic_futex_unsigned<2147483648u>::__atomic_futex_unsigned(unsigned int)
                0x000000000000ccee                std::__atomic_futex_unsigned<2147483648u>::__atomic_futex_unsigned(unsigned int)
 *fill*         0x000000000000cd15        0x1 
 .text._ZNKSt10unique_ptrINSt13__future_base12_Result_baseENS1_8_DeleterEEdeEv
                0x000000000000cd16       0x46 build/main.o
                0x000000000000cd16                std::unique_ptr<std::__future_base::_Result_base, std::__future_base::_Result_base::_Deleter>::operator*() const
 .text._ZSt11__addressofISt8functionIFSt10unique_ptrINSt13__future_base12_Result_baseENS3_8_DeleterEEvEEEPT_RS8_
                0x000000000000cd5c       0x12 build/main.o
                0x000000000000cd5c                std::function<std::unique_ptr<std::__future_base::_Result_base, std::__future_base::_Result_base::_Deleter> ()>* std::__addressof<std::function<std::unique_ptr<std::__future_base::_Result_base, std::__future_base::_Result_base::_Deleter> ()> >(std::function<std::unique_ptr<std::__future_base::_Result_base, std::__future_base::_Result_base::_Deleter> ()>&)
 .text._ZSt11__addressofIbEPT_RS0_
                0x000000000000cd6e       0x12 build/main.o
                0x000000000000cd6e                bool* std::__addressof<bool>(bool&)
 .text._ZZSt9call_onceIMNSt13__future_base13_State_baseV2EFvPSt8functionIFSt10unique_ptrINS0_12_Result_baseENS4_8_DeleterEEvEEPbEJPS1_S9_SA_EEvRSt9once_flagOT_DpOT0_ENKUlvE_clEv
                0x000000000000cd80       0x7a build/main.o
                0x000000000000cd80                std::call_once<void (std::__future_base::_State_baseV2::*)(std::function<std::unique_ptr<std::__future_base::_Result_base, std::__future_base::_Result_base::_Deleter> ()>*, bool*), std::__future_base::_State_baseV2*, std::function<std::unique_ptr<std::__future_base::_Result_base, std::__future_base::_Result_base::_Deleter> ()>*, bool*>(std::once_flag&, void (std::__future_base::_State_baseV2::*&&)(std::function<std::unique_ptr<std::__future_base::_Result_base, std::__future_base::_Result_base::_Deleter> ()>*, bool*), std::__future_base::_State_baseV2*&&, std::function<std::unique_ptr<std::__future_base::_Result_base, std::__future_base::_Result_base::_Deleter> ()>*&&, bool*&&)::{lambda()#1}::operator()() const
 .text._ZSt9call_onceIMNSt13__future_base13_State_baseV2EFvPSt8functionIFSt10unique_ptrINS0_12_Result_baseENS4_8_DeleterEEvEEPbEJPS1_S9_SA_EEvRSt9once_flagOT_DpOT0_
                0x000000000000cdfa       0xfa build/main.o
                0x000000000000cdfa                void std::call_once<void (std::__future_base::_State_baseV2::*)(std::function<std::unique_ptr<std::__future_base::_Result_base, std::__future_base::_Result_base::_Deleter> ()>*, bool*), std::__future_base::_State_baseV2*, std::function<std::unique_ptr<std::__future_base::_Result_base, std::__future_base::_Result_base::_Deleter> ()>*, bool*>(std::once_flag&, void (std::__future_base::_State_baseV2::*&&)(std::function<std::unique_ptr<std::__future_base::_Result_base, std::__future_base::_Result_base::_Deleter> ()>*, bool*), std::__future_base::_State_baseV2*&&, std::function<std::unique_ptr<std::__future_base::_Result_base, std::__future_base::_Result_base::_Deleter> ()>*&&, bool*&&)
 .text._ZNSt10__weak_ptrINSt13__future_base13_State_baseV2ELN9__gnu_cxx12_Lock_policyE2EEC2Ev
                0x000000000000cef4       0x2e build/main.o
                0x000000000000cef4                std::__weak_ptr<std::__future_base::_State_baseV2, (__gnu_cxx::_Lock_policy)2>::__weak_ptr()
                0x000000000000cef4                std::__weak_ptr<std::__future_base::_State_baseV2, (__gnu_cxx::_Lock_policy)2>::__weak_ptr()
 .text._ZNSt12__weak_countILN9__gnu_cxx12_Lock_policyE2EED2Ev
                0x000000000000cf22       0x2e build/main.o
                0x000000000000cf22                std::__weak_count<(__gnu_cxx::_Lock_policy)2>::~__weak_count()
                0x000000000000cf22                std::__weak_count<(__gnu_cxx::_Lock_policy)2>::~__weak_count()
 .text._ZNSt15__uniq_ptr_dataINSt13__future_base13_State_baseV211_Make_readyESt14default_deleteIS2_ELb1ELb1EECI2St15__uniq_ptr_implIS2_S4_EEPS2_
                0x000000000000cf50       0x2a build/main.o
                0x000000000000cf50                std::__uniq_ptr_data<std::__future_base::_State_baseV2::_Make_ready, std::default_delete<std::__future_base::_State_baseV2::_Make_ready>, true, true>::__uniq_ptr_impl(std::__future_base::_State_baseV2::_Make_ready*)
                0x000000000000cf50                std::__uniq_ptr_data<std::__future_base::_State_baseV2::_Make_ready, std::default_delete<std::__future_base::_State_baseV2::_Make_ready>, true, true>::__uniq_ptr_impl(std::__future_base::_State_baseV2::_Make_ready*)
 .text._ZNSt10unique_ptrINSt13__future_base13_State_baseV211_Make_readyESt14default_deleteIS2_EEC2IS4_vEEPS2_
                0x000000000000cf7a       0x2a build/main.o
                0x000000000000cf7a                std::unique_ptr<std::__future_base::_State_baseV2::_Make_ready, std::default_delete<std::__future_base::_State_baseV2::_Make_ready> >::unique_ptr<std::default_delete<std::__future_base::_State_baseV2::_Make_ready>, void>(std::__future_base::_State_baseV2::_Make_ready*)
                0x000000000000cf7a                std::unique_ptr<std::__future_base::_State_baseV2::_Make_ready, std::default_delete<std::__future_base::_State_baseV2::_Make_ready> >::unique_ptr<std::default_delete<std::__future_base::_State_baseV2::_Make_ready>, void>(std::__future_base::_State_baseV2::_Make_ready*)
 .text._ZNSt10unique_ptrINSt13__future_base13_State_baseV211_Make_readyESt14default_deleteIS2_EED2Ev
                0x000000000000cfa4       0x68 build/main.o
                0x000000000000cfa4                std::unique_ptr<std::__future_base::_State_baseV2::_Make_ready, std::default_delete<std::__future_base::_State_baseV2::_Make_ready> >::~unique_ptr()
                0x000000000000cfa4                std::unique_ptr<std::__future_base::_State_baseV2::_Make_ready, std::default_delete<std::__future_base::_State_baseV2::_Make_ready> >::~unique_ptr()
 .text._ZNKSt10unique_ptrINSt13__future_base13_State_baseV211_Make_readyESt14default_deleteIS2_EEptEv
                0x000000000000d00c       0x1e build/main.o
                0x000000000000d00c                std::unique_ptr<std::__future_base::_State_baseV2::_Make_ready, std::default_delete<std::__future_base::_State_baseV2::_Make_ready> >::operator->() const
 .text._ZSt4moveIRSt8weak_ptrINSt13__future_base13_State_baseV2EEEONSt16remove_referenceIT_E4typeEOS6_
                0x000000000000d02a       0x12 build/main.o
                0x000000000000d02a                std::remove_reference<std::weak_ptr<std::__future_base::_State_baseV2>&>::type&& std::move<std::weak_ptr<std::__future_base::_State_baseV2>&>(std::weak_ptr<std::__future_base::_State_baseV2>&)
 .text._ZNSt10__weak_ptrINSt13__future_base13_State_baseV2ELN9__gnu_cxx12_Lock_policyE2EEaSEOS4_
                0x000000000000d03c       0x7a build/main.o
                0x000000000000d03c                std::__weak_ptr<std::__future_base::_State_baseV2, (__gnu_cxx::_Lock_policy)2>::operator=(std::__weak_ptr<std::__future_base::_State_baseV2, (__gnu_cxx::_Lock_policy)2>&&)
 .text._ZNSt10unique_ptrINSt13__future_base13_State_baseV211_Make_readyESt14default_deleteIS2_EE7releaseEv
                0x000000000000d0b6       0x1e build/main.o
                0x000000000000d0b6                std::unique_ptr<std::__future_base::_State_baseV2::_Make_ready, std::default_delete<std::__future_base::_State_baseV2::_Make_ready> >::release()
 .text._ZNKSt10unique_ptrINSt13__future_base12_Result_baseENS1_8_DeleterEEcvbEv
                0x000000000000d0d4       0x24 build/main.o
                0x000000000000d0d4                std::unique_ptr<std::__future_base::_Result_base, std::__future_base::_Result_base::_Deleter>::operator bool() const
 .text._ZNKSt10unique_ptrINSt13__future_base12_Result_baseENS1_8_DeleterEEptEv
                0x000000000000d0f8       0x1e build/main.o
                0x000000000000d0f8                std::unique_ptr<std::__future_base::_Result_base, std::__future_base::_Result_base::_Deleter>::operator->() const
 .text._ZNSt12future_errorC2ERKS_
                0x000000000000d116       0x50 build/main.o
                0x000000000000d116                std::future_error::future_error(std::future_error const&)
                0x000000000000d116                std::future_error::future_error(std::future_error const&)
 .text._ZSt18make_exception_ptrISt12future_errorENSt15__exception_ptr13exception_ptrET_
                0x000000000000d166       0x7b build/main.o
                0x000000000000d166                std::__exception_ptr::exception_ptr std::make_exception_ptr<std::future_error>(std::future_error)
 *fill*         0x000000000000d1e1        0x1 
 .text._ZNSt10unique_ptrINSt13__future_base12_Result_baseENS1_8_DeleterEE4swapERS3_
                0x000000000000d1e2       0x2a build/main.o
                0x000000000000d1e2                std::unique_ptr<std::__future_base::_Result_base, std::__future_base::_Result_base::_Deleter>::swap(std::unique_ptr<std::__future_base::_Result_base, std::__future_base::_Result_base::_Deleter>&)
 .text._ZNKSt8functionIFSt10unique_ptrINSt13__future_base12_Result_baseENS2_8_DeleterEEvEEclEv
                0x000000000000d20c       0x7e build/main.o
                0x000000000000d20c                std::function<std::unique_ptr<std::__future_base::_Result_base, std::__future_base::_Result_base::_Deleter> ()>::operator()() const
 .text._ZNSt12__shared_ptrINSt13__future_base13_State_baseV2ELN9__gnu_cxx12_Lock_policyE2EEC2ERKS4_
                0x000000000000d28a       0x40 build/main.o
                0x000000000000d28a                std::__shared_ptr<std::__future_base::_State_baseV2, (__gnu_cxx::_Lock_policy)2>::__shared_ptr(std::__shared_ptr<std::__future_base::_State_baseV2, (__gnu_cxx::_Lock_policy)2> const&)
                0x000000000000d28a                std::__shared_ptr<std::__future_base::_State_baseV2, (__gnu_cxx::_Lock_policy)2>::__shared_ptr(std::__shared_ptr<std::__future_base::_State_baseV2, (__gnu_cxx::_Lock_policy)2> const&)
 .text._ZNSt10shared_ptrINSt13__future_base13_State_baseV2EEC2ERKS2_
                0x000000000000d2ca       0x2a build/main.o
                0x000000000000d2ca                std::shared_ptr<std::__future_base::_State_baseV2>::shared_ptr(std::shared_ptr<std::__future_base::_State_baseV2> const&)
                0x000000000000d2ca                std::shared_ptr<std::__future_base::_State_baseV2>::shared_ptr(std::shared_ptr<std::__future_base::_State_baseV2> const&)
 .text._ZNSt14__basic_futureIvEC2ERKSt10shared_ptrINSt13__future_base13_State_baseV2EE
                0x000000000000d2f4       0x6e build/main.o
                0x000000000000d2f4                std::__basic_future<void>::__basic_future(std::shared_ptr<std::__future_base::_State_baseV2> const&)
                0x000000000000d2f4                std::__basic_future<void>::__basic_future(std::shared_ptr<std::__future_base::_State_baseV2> const&)
 .text._ZNSt14__basic_futureIvE6_ResetC2ERS0_
                0x000000000000d362       0x1e build/main.o
                0x000000000000d362                std::__basic_future<void>::_Reset::_Reset(std::__basic_future<void>&)
                0x000000000000d362                std::__basic_future<void>::_Reset::_Reset(std::__basic_future<void>&)
 .text._ZNSt14__basic_futureIvE6_ResetD2Ev
                0x000000000000d380       0x22 build/main.o
                0x000000000000d380                std::__basic_future<void>::_Reset::~_Reset()
                0x000000000000d380                std::__basic_future<void>::_Reset::~_Reset()
 .text._ZNKSt14__basic_futureIvE13_M_get_resultEv
                0x000000000000d3a2      0x10a build/main.o
                0x000000000000d3a2                std::__basic_future<void>::_M_get_result() const
 .text._ZSt11make_sharedINSt13__future_base13_State_baseV2EJEESt10shared_ptrINSt9enable_ifIXntsrSt8is_arrayIT_E5valueES5_E4typeEEDpOT0_
                0x000000000000d4ac       0x4f build/main.o
                0x000000000000d4ac                std::shared_ptr<std::enable_if<!std::is_array<std::__future_base::_State_baseV2>::value, std::__future_base::_State_baseV2>::type> std::make_shared<std::__future_base::_State_baseV2>()
 *fill*         0x000000000000d4fb        0x1 
 .text._ZNSt15__uniq_ptr_dataINSt13__future_base7_ResultIvEENS0_12_Result_base8_DeleterELb1ELb1EECI2St15__uniq_ptr_implIS2_S4_EEPS2_
                0x000000000000d4fc       0x2a build/main.o
                0x000000000000d4fc                std::__uniq_ptr_data<std::__future_base::_Result<void>, std::__future_base::_Result_base::_Deleter, true, true>::__uniq_ptr_impl(std::__future_base::_Result<void>*)
                0x000000000000d4fc                std::__uniq_ptr_data<std::__future_base::_Result<void>, std::__future_base::_Result_base::_Deleter, true, true>::__uniq_ptr_impl(std::__future_base::_Result<void>*)
 .text._ZNSt10unique_ptrINSt13__future_base7_ResultIvEENS0_12_Result_base8_DeleterEEC2IS4_vEEPS2_
                0x000000000000d526       0x2a build/main.o
                0x000000000000d526                std::unique_ptr<std::__future_base::_Result<void>, std::__future_base::_Result_base::_Deleter>::unique_ptr<std::__future_base::_Result_base::_Deleter, void>(std::__future_base::_Result<void>*)
                0x000000000000d526                std::unique_ptr<std::__future_base::_Result<void>, std::__future_base::_Result_base::_Deleter>::unique_ptr<std::__future_base::_Result_base::_Deleter, void>(std::__future_base::_Result<void>*)
 .text._ZNSt10unique_ptrINSt13__future_base7_ResultIvEENS0_12_Result_base8_DeleterEED2Ev
                0x000000000000d550       0x68 build/main.o
                0x000000000000d550                std::unique_ptr<std::__future_base::_Result<void>, std::__future_base::_Result_base::_Deleter>::~unique_ptr()
                0x000000000000d550                std::unique_ptr<std::__future_base::_Result<void>, std::__future_base::_Result_base::_Deleter>::~unique_ptr()
 .text._ZSt4moveIRSt10shared_ptrINSt13__future_base13_State_baseV2EEEONSt16remove_referenceIT_E4typeEOS6_
                0x000000000000d5b8       0x12 build/main.o
                0x000000000000d5b8                std::remove_reference<std::shared_ptr<std::__future_base::_State_baseV2>&>::type&& std::move<std::shared_ptr<std::__future_base::_State_baseV2>&>(std::shared_ptr<std::__future_base::_State_baseV2>&)
 .text._ZSt4moveIRSt10unique_ptrINSt13__future_base7_ResultIvEENS1_12_Result_base8_DeleterEEEONSt16remove_referenceIT_E4typeEOS9_
                0x000000000000d5ca       0x12 build/main.o
                0x000000000000d5ca                std::remove_reference<std::unique_ptr<std::__future_base::_Result<void>, std::__future_base::_Result_base::_Deleter>&>::type&& std::move<std::unique_ptr<std::__future_base::_Result<void>, std::__future_base::_Result_base::_Deleter>&>(std::unique_ptr<std::__future_base::_Result<void>, std::__future_base::_Result_base::_Deleter>&)
 .text._ZNSt11_Tuple_implILm0EJPNSt13__future_base7_ResultIvEENS0_12_Result_base8_DeleterEEEC2EOS6_
                0x000000000000d5dc       0x38 build/main.o
                0x000000000000d5dc                std::_Tuple_impl<0ul, std::__future_base::_Result<void>*, std::__future_base::_Result_base::_Deleter>::_Tuple_impl(std::_Tuple_impl<0ul, std::__future_base::_Result<void>*, std::__future_base::_Result_base::_Deleter>&&)
                0x000000000000d5dc                std::_Tuple_impl<0ul, std::__future_base::_Result<void>*, std::__future_base::_Result_base::_Deleter>::_Tuple_impl(std::_Tuple_impl<0ul, std::__future_base::_Result<void>*, std::__future_base::_Result_base::_Deleter>&&)
 .text._ZNSt5tupleIJPNSt13__future_base7_ResultIvEENS0_12_Result_base8_DeleterEEEC2EOS6_
                0x000000000000d614       0x2a build/main.o
                0x000000000000d614                std::tuple<std::__future_base::_Result<void>*, std::__future_base::_Result_base::_Deleter>::tuple(std::tuple<std::__future_base::_Result<void>*, std::__future_base::_Result_base::_Deleter>&&)
                0x000000000000d614                std::tuple<std::__future_base::_Result<void>*, std::__future_base::_Result_base::_Deleter>::tuple(std::tuple<std::__future_base::_Result<void>*, std::__future_base::_Result_base::_Deleter>&&)
 .text._ZNSt15__uniq_ptr_implINSt13__future_base7_ResultIvEENS0_12_Result_base8_DeleterEEC2EOS5_
                0x000000000000d63e       0x4a build/main.o
                0x000000000000d63e                std::__uniq_ptr_impl<std::__future_base::_Result<void>, std::__future_base::_Result_base::_Deleter>::__uniq_ptr_impl(std::__uniq_ptr_impl<std::__future_base::_Result<void>, std::__future_base::_Result_base::_Deleter>&&)
                0x000000000000d63e                std::__uniq_ptr_impl<std::__future_base::_Result<void>, std::__future_base::_Result_base::_Deleter>::__uniq_ptr_impl(std::__uniq_ptr_impl<std::__future_base::_Result<void>, std::__future_base::_Result_base::_Deleter>&&)
 .text._ZNKSt12__shared_ptrINSt13__future_base13_State_baseV2ELN9__gnu_cxx12_Lock_policyE2EEcvbEv
                0x000000000000d688       0x1b build/main.o
                0x000000000000d688                std::__shared_ptr<std::__future_base::_State_baseV2, (__gnu_cxx::_Lock_policy)2>::operator bool() const
 *fill*         0x000000000000d6a3        0x1 
 .text._ZNKSt12__shared_ptrINSt13__future_base13_State_baseV2ELN9__gnu_cxx12_Lock_policyE2EE6uniqueEv
                0x000000000000d6a4       0x22 build/main.o
                0x000000000000d6a4                std::__shared_ptr<std::__future_base::_State_baseV2, (__gnu_cxx::_Lock_policy)2>::unique() const
 .text._ZNKSt19__shared_ptr_accessINSt13__future_base13_State_baseV2ELN9__gnu_cxx12_Lock_policyE2ELb0ELb0EEptEv
                0x000000000000d6c6       0x1e build/main.o
                0x000000000000d6c6                std::__shared_ptr_access<std::__future_base::_State_baseV2, (__gnu_cxx::_Lock_policy)2, false, false>::operator->() const
 .text._ZNSt15__uniq_ptr_dataINSt13__future_base12_Result_baseENS1_8_DeleterELb1ELb1EECI2St15__uniq_ptr_implIS1_S2_EIS2_EEPS1_OT_
                0x000000000000d6e4       0x32 build/main.o
                0x000000000000d6e4                std::__uniq_ptr_data<std::__future_base::_Result_base, std::__future_base::_Result_base::_Deleter, true, true>::__uniq_ptr_impl<std::__future_base::_Result_base::_Deleter>(std::__future_base::_Result_base*, std::__future_base::_Result_base::_Deleter&&)
                0x000000000000d6e4                std::__uniq_ptr_data<std::__future_base::_Result_base, std::__future_base::_Result_base::_Deleter, true, true>::__uniq_ptr_impl<std::__future_base::_Result_base::_Deleter>(std::__future_base::_Result_base*, std::__future_base::_Result_base::_Deleter&&)
 .text._ZNSt10unique_ptrINSt13__future_base12_Result_baseENS1_8_DeleterEEC2INS0_7_ResultIvEES2_vEEOS_IT_T0_E
                0x000000000000d716       0x56 build/main.o
                0x000000000000d716                std::unique_ptr<std::__future_base::_Result_base, std::__future_base::_Result_base::_Deleter>::unique_ptr<std::__future_base::_Result<void>, std::__future_base::_Result_base::_Deleter, void>(std::unique_ptr<std::__future_base::_Result<void>, std::__future_base::_Result_base::_Deleter>&&)
                0x000000000000d716                std::unique_ptr<std::__future_base::_Result_base, std::__future_base::_Result_base::_Deleter>::unique_ptr<std::__future_base::_Result<void>, std::__future_base::_Result_base::_Deleter, void>(std::unique_ptr<std::__future_base::_Result<void>, std::__future_base::_Result_base::_Deleter>&&)
 .text._ZNSt12__shared_ptrINSt13__future_base13_State_baseV2ELN9__gnu_cxx12_Lock_policyE2EE4swapERS4_
                0x000000000000d76c       0x45 build/main.o
                0x000000000000d76c                std::__shared_ptr<std::__future_base::_State_baseV2, (__gnu_cxx::_Lock_policy)2>::swap(std::__shared_ptr<std::__future_base::_State_baseV2, (__gnu_cxx::_Lock_policy)2>&)
 *fill*         0x000000000000d7b1        0x1 
 .text._ZNSt14_Function_baseC2Ev
                0x000000000000d7b2       0x2e build/main.o
                0x000000000000d7b2                std::_Function_base::_Function_base()
                0x000000000000d7b2                std::_Function_base::_Function_base()
 .text._ZNSt13__future_base13_State_baseV28_S_checkIS0_EEvRKSt10shared_ptrIT_E
                0x000000000000d7e0       0x30 build/main.o
                0x000000000000d7e0                void std::__future_base::_State_baseV2::_S_check<std::__future_base::_State_baseV2>(std::shared_ptr<std::__future_base::_State_baseV2> const&)
 .text._ZNKSt19__shared_ptr_accessINSt13__future_base13_State_baseV2ELN9__gnu_cxx12_Lock_policyE2ELb0ELb0EEdeEv
                0x000000000000d810       0x46 build/main.o
                0x000000000000d810                std::__shared_ptr_access<std::__future_base::_State_baseV2, (__gnu_cxx::_Lock_policy)2, false, false>::operator*() const
 .text._ZZSt9call_onceIMSt6threadFvvEJPS0_EEvRSt9once_flagOT_DpOT0_ENKUlvE_clEv
                0x000000000000d856       0x45 build/main.o
                0x000000000000d856                std::call_once<void (std::thread::*)(), std::thread*>(std::once_flag&, void (std::thread::*&&)(), std::thread*&&)::{lambda()#1}::operator()() const
 .text._ZSt9call_onceIMSt6threadFvvEJPS0_EEvRSt9once_flagOT_DpOT0_
                0x000000000000d89b       0xe2 build/main.o
                0x000000000000d89b                void std::call_once<void (std::thread::*)(), std::thread*>(std::once_flag&, void (std::thread::*&&)(), std::thread*&&)
 .text._ZSteqIcSt11char_traitsIcESaIcEEbRKNSt7__cxx1112basic_stringIT_T0_T1_EEPKS5_
                0x000000000000d97d       0x7b build/main.o
                0x000000000000d97d                bool std::operator==<char, std::char_traits<char>, std::allocator<char> >(std::__cxx11::basic_string<char, std::char_traits<char>, std::allocator<char> > const&, char const*)
 .text._ZNSt7promiseIRKNSt7__cxx1112basic_stringIcSt11char_traitsIcESaIcEEEE9set_valueES7_
                0x000000000000d9f8       0xef build/main.o
                0x000000000000d9f8                std::promise<std::__cxx11::basic_string<char, std::char_traits<char>, std::allocator<char> > const&>::set_value(std::__cxx11::basic_string<char, std::char_traits<char>, std::allocator<char> > const&)
 *fill*         0x000000000000dae7        0x1 
 .text._ZNSt7__cxx1112basic_stringIcSt11char_traitsIcESaIcEEC2IS3_EEPKcRKS3_
                0x000000000000dae8       0xa8 build/main.o
                0x000000000000dae8                std::__cxx11::basic_string<char, std::char_traits<char>, std::allocator<char> >::basic_string<std::allocator<char> >(char const*, std::allocator<char> const&)
                0x000000000000dae8                std::__cxx11::basic_string<char, std::char_traits<char>, std::allocator<char> >::basic_string<std::allocator<char> >(char const*, std::allocator<char> const&)
 .text._ZSt11make_uniqueI5PrintJEENSt8__detail9_MakeUniqIT_E15__single_objectEDpOT0_
                0x000000000000db90       0x32 build/main.o
                0x000000000000db90                std::__detail::_MakeUniq<Print>::__single_object std::make_unique<Print>()
 .text._ZNSt10unique_ptrI5PrintSt14default_deleteIS0_EED2Ev
                0x000000000000dbc2       0x68 build/main.o
                0x000000000000dbc2                std::unique_ptr<Print, std::default_delete<Print> >::~unique_ptr()
                0x000000000000dbc2                std::unique_ptr<Print, std::default_delete<Print> >::~unique_ptr()
 .text._ZNKSt10unique_ptrI5PrintSt14default_deleteIS0_EEptEv
                0x000000000000dc2a       0x1e build/main.o